// Jest Snapshot v1, https://goo.gl/fbAQLP

exports[`coblocks/field-website should render 1`] = `"<!-- wp:coblocks/field-website /-->"`;
