// Jest Snapshot v1, https://goo.gl/fbAQLP

exports[`coblocks/field-submit-button should render 1`] = `"<!-- wp:coblocks/field-submit-button /-->"`;
