// Jest Snapshot v1, https://goo.gl/fbAQLP

exports[`coblocks/field-textarea should render 1`] = `"<!-- wp:coblocks/field-textarea /-->"`;
