// Jest Snapshot v1, https://goo.gl/fbAQLP

exports[`coblocks/field-date should render 1`] = `"<!-- wp:coblocks/field-date /-->"`;
