// Jest Snapshot v1, https://goo.gl/fbAQLP

exports[`coblocks/gallery-offset should have attachment link when linkTo is set to "attachment" 1`] = `
"<!-- wp:coblocks/gallery-offset {\\"linkTo\\":\\"attachment\\"} -->
<div aria-label=\\"Offset Gallery\\" class=\\"wp-block-coblocks-gallery-offset\\"><ul class=\\"coblocks-gallery has-no-alignment has-caption-style-dark has-small-images has-small-gutter\\"><li class=\\"coblocks-gallery--item\\"><figure class=\\"wp-block-coblocks-gallery-offset__figure\\"><img src=\\"https://wordpress.com/wp-content/uploads/1234/56/image-1.jpg\\" data-id=\\"1\\" class=\\"wp-image-1\\"/></figure></li><li class=\\"coblocks-gallery--item\\"><figure class=\\"wp-block-coblocks-gallery-offset__figure\\"><img src=\\"https://wordpress.com/wp-content/uploads/1234/56/image-2.jpg\\" data-id=\\"2\\" class=\\"wp-image-2\\"/></figure></li><li class=\\"coblocks-gallery--item\\"><figure class=\\"wp-block-coblocks-gallery-offset__figure\\"><img src=\\"https://wordpress.com/wp-content/uploads/1234/56/image-3.jpg\\" class=\\"\\"/></figure></li><li class=\\"coblocks-gallery--item\\"><figure class=\\"wp-block-coblocks-gallery-offset__figure\\"><a href=\\"https://wordpress.com/wp-content/uploads/1234/56/image-3.jpg\\" rel=\\"\\"><img src=\\"https://wordpress.com/wp-content/uploads/1234/56/image-3.jpg\\" data-id=\\"3\\" data-link=\\"https://wordpress.com/wp-content/uploads/1234/56/image-3.jpg\\" class=\\"wp-image-3\\"/></a></figure></li></ul></div>
<!-- /wp:coblocks/gallery-offset -->"
`;

exports[`coblocks/gallery-offset should have className 'has-border-radius-10' with radius set to 10. 1`] = `
"<!-- wp:coblocks/gallery-offset {\\"radius\\":10} -->
<div aria-label=\\"Offset Gallery\\" class=\\"wp-block-coblocks-gallery-offset\\"><ul class=\\"coblocks-gallery has-no-alignment has-border-radius-10 has-caption-style-dark has-small-images has-small-gutter\\"><li class=\\"coblocks-gallery--item\\"><figure class=\\"wp-block-coblocks-gallery-offset__figure\\"><img src=\\"https://wordpress.com/wp-content/uploads/1234/56/image-1.jpg\\" data-id=\\"1\\" class=\\"wp-image-1\\"/></figure></li><li class=\\"coblocks-gallery--item\\"><figure class=\\"wp-block-coblocks-gallery-offset__figure\\"><img src=\\"https://wordpress.com/wp-content/uploads/1234/56/image-2.jpg\\" data-id=\\"2\\" class=\\"wp-image-2\\"/></figure></li><li class=\\"coblocks-gallery--item\\"><figure class=\\"wp-block-coblocks-gallery-offset__figure\\"><img src=\\"https://wordpress.com/wp-content/uploads/1234/56/image-3.jpg\\" class=\\"\\"/></figure></li></ul></div>
<!-- /wp:coblocks/gallery-offset -->"
`;

exports[`coblocks/gallery-offset should have className 'has-caption-style-dark' with captionStyle set to 'dark'. 1`] = `
"<!-- wp:coblocks/gallery-offset {\\"captions\\":true} -->
<div aria-label=\\"Offset Gallery\\" class=\\"wp-block-coblocks-gallery-offset\\"><ul class=\\"coblocks-gallery has-no-alignment has-caption-style-dark has-small-images has-small-gutter\\"><li class=\\"coblocks-gallery--item\\"><figure class=\\"wp-block-coblocks-gallery-offset__figure\\"><img src=\\"https://wordpress.com/wp-content/uploads/1234/56/image-1.jpg\\" data-id=\\"1\\" class=\\"wp-image-1\\"/></figure></li><li class=\\"coblocks-gallery--item\\"><figure class=\\"wp-block-coblocks-gallery-offset__figure\\"><img src=\\"https://wordpress.com/wp-content/uploads/1234/56/image-2.jpg\\" data-id=\\"2\\" class=\\"wp-image-2\\"/></figure></li><li class=\\"coblocks-gallery--item\\"><figure class=\\"wp-block-coblocks-gallery-offset__figure\\"><img src=\\"https://wordpress.com/wp-content/uploads/1234/56/image-3.jpg\\" class=\\"\\"/></figure></li><li class=\\"coblocks-gallery--item\\"><figure class=\\"wp-block-coblocks-gallery-offset__figure\\"><img src=\\"https://wordpress.com/wp-content/uploads/1234/56/image-3.jpg\\" data-id=\\"3\\" class=\\"wp-image-3\\"/><figcaption class=\\"coblocks-gallery--caption\\">test caption</figcaption></figure></li></ul></div>
<!-- /wp:coblocks/gallery-offset -->"
`;

exports[`coblocks/gallery-offset should have className 'has-caption-style-light' with captionStyle set to 'light'. 1`] = `
"<!-- wp:coblocks/gallery-offset {\\"captionStyle\\":\\"light\\",\\"captions\\":true} -->
<div aria-label=\\"Offset Gallery\\" class=\\"wp-block-coblocks-gallery-offset\\"><ul class=\\"coblocks-gallery has-no-alignment has-caption-style-light has-small-images has-small-gutter\\"><li class=\\"coblocks-gallery--item\\"><figure class=\\"wp-block-coblocks-gallery-offset__figure\\"><img src=\\"https://wordpress.com/wp-content/uploads/1234/56/image-1.jpg\\" data-id=\\"1\\" class=\\"wp-image-1\\"/></figure></li><li class=\\"coblocks-gallery--item\\"><figure class=\\"wp-block-coblocks-gallery-offset__figure\\"><img src=\\"https://wordpress.com/wp-content/uploads/1234/56/image-2.jpg\\" data-id=\\"2\\" class=\\"wp-image-2\\"/></figure></li><li class=\\"coblocks-gallery--item\\"><figure class=\\"wp-block-coblocks-gallery-offset__figure\\"><img src=\\"https://wordpress.com/wp-content/uploads/1234/56/image-3.jpg\\" class=\\"\\"/></figure></li><li class=\\"coblocks-gallery--item\\"><figure class=\\"wp-block-coblocks-gallery-offset__figure\\"><img src=\\"https://wordpress.com/wp-content/uploads/1234/56/image-3.jpg\\" data-id=\\"3\\" class=\\"wp-image-3\\"/><figcaption class=\\"coblocks-gallery--caption\\">test caption</figcaption></figure></li></ul></div>
<!-- /wp:coblocks/gallery-offset -->"
`;

exports[`coblocks/gallery-offset should have className 'has-filter-dim' with filter set to 'dim'. 1`] = `
"<!-- wp:coblocks/gallery-offset {\\"filter\\":\\"dim\\"} -->
<div aria-label=\\"Offset Gallery\\" class=\\"wp-block-coblocks-gallery-offset\\"><ul class=\\"coblocks-gallery has-no-alignment has-filter-dim has-caption-style-dark has-small-images has-small-gutter\\"><li class=\\"coblocks-gallery--item\\"><figure class=\\"wp-block-coblocks-gallery-offset__figure\\"><img src=\\"https://wordpress.com/wp-content/uploads/1234/56/image-1.jpg\\" data-id=\\"1\\" class=\\"wp-image-1\\"/></figure></li><li class=\\"coblocks-gallery--item\\"><figure class=\\"wp-block-coblocks-gallery-offset__figure\\"><img src=\\"https://wordpress.com/wp-content/uploads/1234/56/image-2.jpg\\" data-id=\\"2\\" class=\\"wp-image-2\\"/></figure></li><li class=\\"coblocks-gallery--item\\"><figure class=\\"wp-block-coblocks-gallery-offset__figure\\"><img src=\\"https://wordpress.com/wp-content/uploads/1234/56/image-3.jpg\\" class=\\"\\"/></figure></li></ul></div>
<!-- /wp:coblocks/gallery-offset -->"
`;

exports[`coblocks/gallery-offset should have className 'has-filter-grayscale' with filter set to 'grayscale'. 1`] = `
"<!-- wp:coblocks/gallery-offset {\\"filter\\":\\"grayscale\\"} -->
<div aria-label=\\"Offset Gallery\\" class=\\"wp-block-coblocks-gallery-offset\\"><ul class=\\"coblocks-gallery has-no-alignment has-filter-grayscale has-caption-style-dark has-small-images has-small-gutter\\"><li class=\\"coblocks-gallery--item\\"><figure class=\\"wp-block-coblocks-gallery-offset__figure\\"><img src=\\"https://wordpress.com/wp-content/uploads/1234/56/image-1.jpg\\" data-id=\\"1\\" class=\\"wp-image-1\\"/></figure></li><li class=\\"coblocks-gallery--item\\"><figure class=\\"wp-block-coblocks-gallery-offset__figure\\"><img src=\\"https://wordpress.com/wp-content/uploads/1234/56/image-2.jpg\\" data-id=\\"2\\" class=\\"wp-image-2\\"/></figure></li><li class=\\"coblocks-gallery--item\\"><figure class=\\"wp-block-coblocks-gallery-offset__figure\\"><img src=\\"https://wordpress.com/wp-content/uploads/1234/56/image-3.jpg\\" class=\\"\\"/></figure></li></ul></div>
<!-- /wp:coblocks/gallery-offset -->"
`;

exports[`coblocks/gallery-offset should have className 'has-filter-saturation' with filter set to 'saturation'. 1`] = `
"<!-- wp:coblocks/gallery-offset {\\"filter\\":\\"saturation\\"} -->
<div aria-label=\\"Offset Gallery\\" class=\\"wp-block-coblocks-gallery-offset\\"><ul class=\\"coblocks-gallery has-no-alignment has-filter-saturation has-caption-style-dark has-small-images has-small-gutter\\"><li class=\\"coblocks-gallery--item\\"><figure class=\\"wp-block-coblocks-gallery-offset__figure\\"><img src=\\"https://wordpress.com/wp-content/uploads/1234/56/image-1.jpg\\" data-id=\\"1\\" class=\\"wp-image-1\\"/></figure></li><li class=\\"coblocks-gallery--item\\"><figure class=\\"wp-block-coblocks-gallery-offset__figure\\"><img src=\\"https://wordpress.com/wp-content/uploads/1234/56/image-2.jpg\\" data-id=\\"2\\" class=\\"wp-image-2\\"/></figure></li><li class=\\"coblocks-gallery--item\\"><figure class=\\"wp-block-coblocks-gallery-offset__figure\\"><img src=\\"https://wordpress.com/wp-content/uploads/1234/56/image-3.jpg\\" class=\\"\\"/></figure></li></ul></div>
<!-- /wp:coblocks/gallery-offset -->"
`;

exports[`coblocks/gallery-offset should have className 'has-filter-sepia' with filter set to 'sepia'. 1`] = `
"<!-- wp:coblocks/gallery-offset {\\"filter\\":\\"sepia\\"} -->
<div aria-label=\\"Offset Gallery\\" class=\\"wp-block-coblocks-gallery-offset\\"><ul class=\\"coblocks-gallery has-no-alignment has-filter-sepia has-caption-style-dark has-small-images has-small-gutter\\"><li class=\\"coblocks-gallery--item\\"><figure class=\\"wp-block-coblocks-gallery-offset__figure\\"><img src=\\"https://wordpress.com/wp-content/uploads/1234/56/image-1.jpg\\" data-id=\\"1\\" class=\\"wp-image-1\\"/></figure></li><li class=\\"coblocks-gallery--item\\"><figure class=\\"wp-block-coblocks-gallery-offset__figure\\"><img src=\\"https://wordpress.com/wp-content/uploads/1234/56/image-2.jpg\\" data-id=\\"2\\" class=\\"wp-image-2\\"/></figure></li><li class=\\"coblocks-gallery--item\\"><figure class=\\"wp-block-coblocks-gallery-offset__figure\\"><img src=\\"https://wordpress.com/wp-content/uploads/1234/56/image-3.jpg\\" class=\\"\\"/></figure></li></ul></div>
<!-- /wp:coblocks/gallery-offset -->"
`;

exports[`coblocks/gallery-offset should have className 'has-filter-vintage' with filter set to 'vintage'. 1`] = `
"<!-- wp:coblocks/gallery-offset {\\"filter\\":\\"vintage\\"} -->
<div aria-label=\\"Offset Gallery\\" class=\\"wp-block-coblocks-gallery-offset\\"><ul class=\\"coblocks-gallery has-no-alignment has-filter-vintage has-caption-style-dark has-small-images has-small-gutter\\"><li class=\\"coblocks-gallery--item\\"><figure class=\\"wp-block-coblocks-gallery-offset__figure\\"><img src=\\"https://wordpress.com/wp-content/uploads/1234/56/image-1.jpg\\" data-id=\\"1\\" class=\\"wp-image-1\\"/></figure></li><li class=\\"coblocks-gallery--item\\"><figure class=\\"wp-block-coblocks-gallery-offset__figure\\"><img src=\\"https://wordpress.com/wp-content/uploads/1234/56/image-2.jpg\\" data-id=\\"2\\" class=\\"wp-image-2\\"/></figure></li><li class=\\"coblocks-gallery--item\\"><figure class=\\"wp-block-coblocks-gallery-offset__figure\\"><img src=\\"https://wordpress.com/wp-content/uploads/1234/56/image-3.jpg\\" class=\\"\\"/></figure></li></ul></div>
<!-- /wp:coblocks/gallery-offset -->"
`;

exports[`coblocks/gallery-offset should have className 'has-large-gutter' with gutter set to 'large'. 1`] = `
"<!-- wp:coblocks/gallery-offset {\\"gutter\\":\\"large\\"} -->
<div aria-label=\\"Offset Gallery\\" class=\\"wp-block-coblocks-gallery-offset\\"><ul class=\\"coblocks-gallery has-no-alignment has-caption-style-dark has-small-images has-large-gutter\\"><li class=\\"coblocks-gallery--item\\"><figure class=\\"wp-block-coblocks-gallery-offset__figure\\"><img src=\\"https://wordpress.com/wp-content/uploads/1234/56/image-1.jpg\\" data-id=\\"1\\" class=\\"wp-image-1\\"/></figure></li><li class=\\"coblocks-gallery--item\\"><figure class=\\"wp-block-coblocks-gallery-offset__figure\\"><img src=\\"https://wordpress.com/wp-content/uploads/1234/56/image-2.jpg\\" data-id=\\"2\\" class=\\"wp-image-2\\"/></figure></li><li class=\\"coblocks-gallery--item\\"><figure class=\\"wp-block-coblocks-gallery-offset__figure\\"><img src=\\"https://wordpress.com/wp-content/uploads/1234/56/image-3.jpg\\" class=\\"\\"/></figure></li></ul></div>
<!-- /wp:coblocks/gallery-offset -->"
`;

exports[`coblocks/gallery-offset should have className 'has-lightbox' with lightbox enabled. 1`] = `
"<!-- wp:coblocks/gallery-offset {\\"lightbox\\":true} -->
<div aria-label=\\"Offset Gallery\\" class=\\"wp-block-coblocks-gallery-offset has-lightbox\\"><ul class=\\"coblocks-gallery has-no-alignment has-caption-style-dark has-small-images has-small-gutter\\"><li class=\\"coblocks-gallery--item\\"><figure class=\\"wp-block-coblocks-gallery-offset__figure\\"><img src=\\"https://wordpress.com/wp-content/uploads/1234/56/image-1.jpg\\" data-id=\\"1\\" class=\\"wp-image-1\\"/></figure></li><li class=\\"coblocks-gallery--item\\"><figure class=\\"wp-block-coblocks-gallery-offset__figure\\"><img src=\\"https://wordpress.com/wp-content/uploads/1234/56/image-2.jpg\\" data-id=\\"2\\" class=\\"wp-image-2\\"/></figure></li><li class=\\"coblocks-gallery--item\\"><figure class=\\"wp-block-coblocks-gallery-offset__figure\\"><img src=\\"https://wordpress.com/wp-content/uploads/1234/56/image-3.jpg\\" class=\\"\\"/></figure></li></ul></div>
<!-- /wp:coblocks/gallery-offset -->"
`;

exports[`coblocks/gallery-offset should have className 'has-medium-gutter' with gutter set to 'medium'. 1`] = `
"<!-- wp:coblocks/gallery-offset {\\"gutter\\":\\"medium\\"} -->
<div aria-label=\\"Offset Gallery\\" class=\\"wp-block-coblocks-gallery-offset\\"><ul class=\\"coblocks-gallery has-no-alignment has-caption-style-dark has-small-images has-medium-gutter\\"><li class=\\"coblocks-gallery--item\\"><figure class=\\"wp-block-coblocks-gallery-offset__figure\\"><img src=\\"https://wordpress.com/wp-content/uploads/1234/56/image-1.jpg\\" data-id=\\"1\\" class=\\"wp-image-1\\"/></figure></li><li class=\\"coblocks-gallery--item\\"><figure class=\\"wp-block-coblocks-gallery-offset__figure\\"><img src=\\"https://wordpress.com/wp-content/uploads/1234/56/image-2.jpg\\" data-id=\\"2\\" class=\\"wp-image-2\\"/></figure></li><li class=\\"coblocks-gallery--item\\"><figure class=\\"wp-block-coblocks-gallery-offset__figure\\"><img src=\\"https://wordpress.com/wp-content/uploads/1234/56/image-3.jpg\\" class=\\"\\"/></figure></li></ul></div>
<!-- /wp:coblocks/gallery-offset -->"
`;

exports[`coblocks/gallery-offset should have className 'has-medium-images' with gridSize set to 'medium'. 1`] = `
"<!-- wp:coblocks/gallery-offset {\\"gridSize\\":\\"medium\\"} -->
<div aria-label=\\"Offset Gallery\\" class=\\"wp-block-coblocks-gallery-offset\\"><ul class=\\"coblocks-gallery has-no-alignment has-caption-style-dark has-medium-images has-small-gutter\\"><li class=\\"coblocks-gallery--item\\"><figure class=\\"wp-block-coblocks-gallery-offset__figure\\"><img src=\\"https://wordpress.com/wp-content/uploads/1234/56/image-1.jpg\\" data-id=\\"1\\" class=\\"wp-image-1\\"/></figure></li><li class=\\"coblocks-gallery--item\\"><figure class=\\"wp-block-coblocks-gallery-offset__figure\\"><img src=\\"https://wordpress.com/wp-content/uploads/1234/56/image-2.jpg\\" data-id=\\"2\\" class=\\"wp-image-2\\"/></figure></li><li class=\\"coblocks-gallery--item\\"><figure class=\\"wp-block-coblocks-gallery-offset__figure\\"><img src=\\"https://wordpress.com/wp-content/uploads/1234/56/image-3.jpg\\" class=\\"\\"/></figure></li></ul></div>
<!-- /wp:coblocks/gallery-offset -->"
`;

exports[`coblocks/gallery-offset should have className 'has-small-gutter' with gutter set to 'small'. 1`] = `
"<!-- wp:coblocks/gallery-offset -->
<div aria-label=\\"Offset Gallery\\" class=\\"wp-block-coblocks-gallery-offset\\"><ul class=\\"coblocks-gallery has-no-alignment has-caption-style-dark has-small-images has-small-gutter\\"><li class=\\"coblocks-gallery--item\\"><figure class=\\"wp-block-coblocks-gallery-offset__figure\\"><img src=\\"https://wordpress.com/wp-content/uploads/1234/56/image-1.jpg\\" data-id=\\"1\\" class=\\"wp-image-1\\"/></figure></li><li class=\\"coblocks-gallery--item\\"><figure class=\\"wp-block-coblocks-gallery-offset__figure\\"><img src=\\"https://wordpress.com/wp-content/uploads/1234/56/image-2.jpg\\" data-id=\\"2\\" class=\\"wp-image-2\\"/></figure></li><li class=\\"coblocks-gallery--item\\"><figure class=\\"wp-block-coblocks-gallery-offset__figure\\"><img src=\\"https://wordpress.com/wp-content/uploads/1234/56/image-3.jpg\\" class=\\"\\"/></figure></li></ul></div>
<!-- /wp:coblocks/gallery-offset -->"
`;

exports[`coblocks/gallery-offset should have className 'has-small-images' with gridSize set to 'small'. 1`] = `
"<!-- wp:coblocks/gallery-offset -->
<div aria-label=\\"Offset Gallery\\" class=\\"wp-block-coblocks-gallery-offset\\"><ul class=\\"coblocks-gallery has-no-alignment has-caption-style-dark has-small-images has-small-gutter\\"><li class=\\"coblocks-gallery--item\\"><figure class=\\"wp-block-coblocks-gallery-offset__figure\\"><img src=\\"https://wordpress.com/wp-content/uploads/1234/56/image-1.jpg\\" data-id=\\"1\\" class=\\"wp-image-1\\"/></figure></li><li class=\\"coblocks-gallery--item\\"><figure class=\\"wp-block-coblocks-gallery-offset__figure\\"><img src=\\"https://wordpress.com/wp-content/uploads/1234/56/image-2.jpg\\" data-id=\\"2\\" class=\\"wp-image-2\\"/></figure></li><li class=\\"coblocks-gallery--item\\"><figure class=\\"wp-block-coblocks-gallery-offset__figure\\"><img src=\\"https://wordpress.com/wp-content/uploads/1234/56/image-3.jpg\\" class=\\"\\"/></figure></li></ul></div>
<!-- /wp:coblocks/gallery-offset -->"
`;

exports[`coblocks/gallery-offset should have className 'has-xlarge-gutter' with gutter set to 'xlarge'. 1`] = `
"<!-- wp:coblocks/gallery-offset {\\"gutter\\":\\"xlarge\\"} -->
<div aria-label=\\"Offset Gallery\\" class=\\"wp-block-coblocks-gallery-offset\\"><ul class=\\"coblocks-gallery has-no-alignment has-caption-style-dark has-small-images has-xlarge-gutter\\"><li class=\\"coblocks-gallery--item\\"><figure class=\\"wp-block-coblocks-gallery-offset__figure\\"><img src=\\"https://wordpress.com/wp-content/uploads/1234/56/image-1.jpg\\" data-id=\\"1\\" class=\\"wp-image-1\\"/></figure></li><li class=\\"coblocks-gallery--item\\"><figure class=\\"wp-block-coblocks-gallery-offset__figure\\"><img src=\\"https://wordpress.com/wp-content/uploads/1234/56/image-2.jpg\\" data-id=\\"2\\" class=\\"wp-image-2\\"/></figure></li><li class=\\"coblocks-gallery--item\\"><figure class=\\"wp-block-coblocks-gallery-offset__figure\\"><img src=\\"https://wordpress.com/wp-content/uploads/1234/56/image-3.jpg\\" class=\\"\\"/></figure></li></ul></div>
<!-- /wp:coblocks/gallery-offset -->"
`;

exports[`coblocks/gallery-offset should have custom link when linkTo is set to "custom" 1`] = `
"<!-- wp:coblocks/gallery-offset {\\"linkTo\\":\\"custom\\"} -->
<div aria-label=\\"Offset Gallery\\" class=\\"wp-block-coblocks-gallery-offset\\"><ul class=\\"coblocks-gallery has-no-alignment has-caption-style-dark has-small-images has-small-gutter\\"><li class=\\"coblocks-gallery--item\\"><figure class=\\"wp-block-coblocks-gallery-offset__figure\\"><img src=\\"https://wordpress.com/wp-content/uploads/1234/56/image-1.jpg\\" data-id=\\"1\\" class=\\"wp-image-1\\"/></figure></li><li class=\\"coblocks-gallery--item\\"><figure class=\\"wp-block-coblocks-gallery-offset__figure\\"><img src=\\"https://wordpress.com/wp-content/uploads/1234/56/image-2.jpg\\" data-id=\\"2\\" class=\\"wp-image-2\\"/></figure></li><li class=\\"coblocks-gallery--item\\"><figure class=\\"wp-block-coblocks-gallery-offset__figure\\"><img src=\\"https://wordpress.com/wp-content/uploads/1234/56/image-3.jpg\\" class=\\"\\"/></figure></li><li class=\\"coblocks-gallery--item\\"><figure class=\\"wp-block-coblocks-gallery-offset__figure\\"><a href=\\"http://google.com\\" rel=\\"\\"><img src=\\"https://wordpress.com/wp-content/uploads/1234/56/image-3.jpg\\" data-id=\\"3\\" data-imglink=\\"http://google.com\\" class=\\"wp-image-3\\"/></a></figure></li></ul></div>
<!-- /wp:coblocks/gallery-offset -->"
`;

exports[`coblocks/gallery-offset should have figcaption element with captions enabled and caption text. 1`] = `
"<!-- wp:coblocks/gallery-offset {\\"captions\\":true} -->
<div aria-label=\\"Offset Gallery\\" class=\\"wp-block-coblocks-gallery-offset\\"><ul class=\\"coblocks-gallery has-no-alignment has-caption-style-dark has-small-images has-small-gutter\\"><li class=\\"coblocks-gallery--item\\"><figure class=\\"wp-block-coblocks-gallery-offset__figure\\"><img src=\\"https://wordpress.com/wp-content/uploads/1234/56/image-1.jpg\\" data-id=\\"1\\" class=\\"wp-image-1\\"/></figure></li><li class=\\"coblocks-gallery--item\\"><figure class=\\"wp-block-coblocks-gallery-offset__figure\\"><img src=\\"https://wordpress.com/wp-content/uploads/1234/56/image-2.jpg\\" data-id=\\"2\\" class=\\"wp-image-2\\"/></figure></li><li class=\\"coblocks-gallery--item\\"><figure class=\\"wp-block-coblocks-gallery-offset__figure\\"><img src=\\"https://wordpress.com/wp-content/uploads/1234/56/image-3.jpg\\" class=\\"\\"/></figure></li><li class=\\"coblocks-gallery--item\\"><figure class=\\"wp-block-coblocks-gallery-offset__figure\\"><img src=\\"https://wordpress.com/wp-content/uploads/1234/56/image-3.jpg\\" data-id=\\"3\\" class=\\"wp-image-3\\"/><figcaption class=\\"coblocks-gallery--caption\\">test caption</figcaption></figure></li></ul></div>
<!-- /wp:coblocks/gallery-offset -->"
`;

exports[`coblocks/gallery-offset should have media link when linkTo is set to "media" 1`] = `
"<!-- wp:coblocks/gallery-offset {\\"linkTo\\":\\"media\\"} -->
<div aria-label=\\"Offset Gallery\\" class=\\"wp-block-coblocks-gallery-offset\\"><ul class=\\"coblocks-gallery has-no-alignment has-caption-style-dark has-small-images has-small-gutter\\"><li class=\\"coblocks-gallery--item\\"><figure class=\\"wp-block-coblocks-gallery-offset__figure\\"><a href=\\"https://wordpress.com/wp-content/uploads/1234/56/image-1.jpg\\" rel=\\"\\"><img src=\\"https://wordpress.com/wp-content/uploads/1234/56/image-1.jpg\\" data-id=\\"1\\" class=\\"wp-image-1\\"/></a></figure></li><li class=\\"coblocks-gallery--item\\"><figure class=\\"wp-block-coblocks-gallery-offset__figure\\"><a href=\\"https://wordpress.com/wp-content/uploads/1234/56/image-2.jpg\\" rel=\\"\\"><img src=\\"https://wordpress.com/wp-content/uploads/1234/56/image-2.jpg\\" data-id=\\"2\\" class=\\"wp-image-2\\"/></a></figure></li><li class=\\"coblocks-gallery--item\\"><figure class=\\"wp-block-coblocks-gallery-offset__figure\\"><a href=\\"https://wordpress.com/wp-content/uploads/1234/56/image-3.jpg\\" rel=\\"\\"><img src=\\"https://wordpress.com/wp-content/uploads/1234/56/image-3.jpg\\" class=\\"\\"/></a></figure></li><li class=\\"coblocks-gallery--item\\"><figure class=\\"wp-block-coblocks-gallery-offset__figure\\"><a href=\\"https://wordpress.com/wp-content/uploads/1234/56/image-3.jpg\\" rel=\\"\\"><img src=\\"https://wordpress.com/wp-content/uploads/1234/56/image-3.jpg\\" data-id=\\"3\\" class=\\"wp-image-3\\"/></a></figure></li></ul></div>
<!-- /wp:coblocks/gallery-offset -->"
`;

exports[`coblocks/gallery-offset should render with images 1`] = `
"<!-- wp:coblocks/gallery-offset -->
<div aria-label=\\"Offset Gallery\\" class=\\"wp-block-coblocks-gallery-offset\\"><ul class=\\"coblocks-gallery has-no-alignment has-caption-style-dark has-small-images has-small-gutter\\"><li class=\\"coblocks-gallery--item\\"><figure class=\\"wp-block-coblocks-gallery-offset__figure\\"><img src=\\"https://wordpress.com/wp-content/uploads/1234/56/image-1.jpg\\" data-id=\\"1\\" class=\\"wp-image-1\\"/></figure></li><li class=\\"coblocks-gallery--item\\"><figure class=\\"wp-block-coblocks-gallery-offset__figure\\"><img src=\\"https://wordpress.com/wp-content/uploads/1234/56/image-2.jpg\\" data-id=\\"2\\" class=\\"wp-image-2\\"/></figure></li><li class=\\"coblocks-gallery--item\\"><figure class=\\"wp-block-coblocks-gallery-offset__figure\\"><img src=\\"https://wordpress.com/wp-content/uploads/1234/56/image-3.jpg\\" class=\\"\\"/></figure></li></ul></div>
<!-- /wp:coblocks/gallery-offset -->"
`;
