// Jest Snapshot v1, https://goo.gl/fbAQLP

exports[`coblocks/field-phone should render 1`] = `"<!-- wp:coblocks/field-phone /-->"`;
