// Jest Snapshot v1, https://goo.gl/fbAQLP

exports[`coblocks/events should render with className 1`] = `
"<!-- wp:coblocks/events {\\"className\\":\\"my-custom-class\\"} -->
<div class=\\"wp-block-coblocks-events wp-block-coblocks-events-front-container my-custom-class\\"><div class=\\"my-custom-class wp-block-coblocks-front-events-swiper-container\\"><div class=\\"swiper-wrapper-loading\\"></div></div><button class=\\"wp-coblocks-events-nav-button__prev\\" id=\\"wp-coblocks-event-swiper-prev\\" style=\\"visibility:hidden\\"></button><button class=\\"wp-coblocks-events-nav-button__next\\" id=\\"wp-coblocks-event-swiper-next\\" style=\\"visibility:hidden\\"></button></div>
<!-- /wp:coblocks/events -->"
`;

exports[`coblocks/events should render with eventsRange 1`] = `
"<!-- wp:coblocks/events {\\"eventsRange\\":\\"1 month\\"} -->
<div class=\\"wp-block-coblocks-events wp-block-coblocks-events-front-container\\"><div class=\\"wp-block-coblocks-front-events-swiper-container\\"><div class=\\"swiper-wrapper-loading\\"></div></div><button class=\\"wp-coblocks-events-nav-button__prev\\" id=\\"wp-coblocks-event-swiper-prev\\" style=\\"visibility:hidden\\"></button><button class=\\"wp-coblocks-events-nav-button__next\\" id=\\"wp-coblocks-event-swiper-next\\" style=\\"visibility:hidden\\"></button></div>
<!-- /wp:coblocks/events -->"
`;

exports[`coblocks/events should render with eventsToShow 1`] = `
"<!-- wp:coblocks/events {\\"eventsToShow\\":\\"8\\"} -->
<div class=\\"wp-block-coblocks-events wp-block-coblocks-events-front-container\\"><div class=\\"wp-block-coblocks-front-events-swiper-container\\"><div class=\\"swiper-wrapper-loading\\"></div></div><button class=\\"wp-coblocks-events-nav-button__prev\\" id=\\"wp-coblocks-event-swiper-prev\\" style=\\"visibility:hidden\\"></button><button class=\\"wp-coblocks-events-nav-button__next\\" id=\\"wp-coblocks-event-swiper-next\\" style=\\"visibility:hidden\\"></button></div>
<!-- /wp:coblocks/events -->"
`;

exports[`coblocks/events should render with externalCalendarUrl 1`] = `"<!-- wp:coblocks/events {\\"externalCalendarUrl\\":\\"wordpress.org\\"} /-->"`;

exports[`coblocks/events should render without content 1`] = `
"<!-- wp:coblocks/events -->
<div class=\\"wp-block-coblocks-events wp-block-coblocks-events-front-container\\"><div class=\\"wp-block-coblocks-front-events-swiper-container\\"><div class=\\"swiper-wrapper-loading\\"></div></div><button class=\\"wp-coblocks-events-nav-button__prev\\" id=\\"wp-coblocks-event-swiper-prev\\" style=\\"visibility:hidden\\"></button><button class=\\"wp-coblocks-events-nav-button__next\\" id=\\"wp-coblocks-event-swiper-next\\" style=\\"visibility:hidden\\"></button></div>
<!-- /wp:coblocks/events -->"
`;
