// Jest Snapshot v1, https://goo.gl/fbAQLP

exports[`coblocks/field-checkbox should render 1`] = `"<!-- wp:coblocks/field-checkbox /-->"`;
