// Jest Snapshot v1, https://goo.gl/fbAQLP

exports[`coblocks/event-item should render 1`] = `"<!-- wp:coblocks/event-item /-->"`;

exports[`coblocks/event-item should render text color 1`] = `
"<!-- wp:coblocks/event-item {\\"textColor\\":\\"#333333\\"} -->
<div class=\\"wp-block-coblocks-event-item swiper-slide has-333333-color has-text-color\\" data-page=\\"undefined\\"><div class=\\"wp-block-coblocks-events__date\\"><span class=\\"wp-block-coblocks-events__day\\">25</span><div><span class=\\"wp-block-coblocks-events__month\\">Nov</span><span class=\\"wp-block-coblocks-events__year\\">2099</span></div></div><div class=\\"wp-block-coblocks-events__content\\"><span class=\\"wp-block-coblocks-events__title\\">Some title</span><span class=\\"wp-block-coblocks-events__description\\" itemprop=\\"description\\">Some description</span></div><div class=\\"wp-block-coblocks-events__details\\"><span class=\\"wp-block-coblocks-events__time\\">5:25</span><span class=\\"wp-block-coblocks-events__location\\">Somewhere</span></div></div>
<!-- /wp:coblocks/event-item -->"
`;

exports[`coblocks/event-item should render with content 1`] = `
"<!-- wp:coblocks/event-item -->
<div class=\\"wp-block-coblocks-event-item swiper-slide\\" data-page=\\"undefined\\"><div class=\\"wp-block-coblocks-events__date\\"><span class=\\"wp-block-coblocks-events__day\\">25</span><div><span class=\\"wp-block-coblocks-events__month\\">Nov</span><span class=\\"wp-block-coblocks-events__year\\">2099</span></div></div><div class=\\"wp-block-coblocks-events__content\\"><span class=\\"wp-block-coblocks-events__title\\">Some title</span><span class=\\"wp-block-coblocks-events__description\\" itemprop=\\"description\\">Some description</span></div><div class=\\"wp-block-coblocks-events__details\\"><span class=\\"wp-block-coblocks-events__time\\">5:25</span><span class=\\"wp-block-coblocks-events__location\\">Somewhere</span></div></div>
<!-- /wp:coblocks/event-item -->"
`;
