// Jest Snapshot v1, https://goo.gl/fbAQLP

exports[`coblocks/field-select should render 1`] = `"<!-- wp:coblocks/field-select /-->"`;
