// Jest Snapshot v1, https://goo.gl/fbAQLP

exports[`coblocks/field-email should render 1`] = `"<!-- wp:coblocks/field-email /-->"`;
