// Jest Snapshot v1, https://goo.gl/fbAQLP

exports[`coblocks/row should render column and layout data 1`] = `
"<!-- wp:coblocks/row {\\"columns\\":1,\\"layout\\":\\"100\\"} -->
<div class=\\"wp-block-coblocks-row\\" data-columns=\\"1\\" data-layout=\\"100\\"><div class=\\"wp-block-coblocks-row__inner has-no-padding has-no-margin\\"></div></div>
<!-- /wp:coblocks/row -->"
`;

exports[`coblocks/row should render column and layout data 2`] = `
"<!-- wp:coblocks/row {\\"columns\\":\\"2\\",\\"layout\\":\\"50-50\\"} -->
<div class=\\"wp-block-coblocks-row\\" data-columns=\\"2\\" data-layout=\\"50-50\\"><div class=\\"wp-block-coblocks-row__inner has-no-padding has-no-margin\\"></div></div>
<!-- /wp:coblocks/row -->"
`;

exports[`coblocks/row should render column and layout data 3`] = `
"<!-- wp:coblocks/row {\\"columns\\":\\"2\\",\\"layout\\":\\"66-33\\"} -->
<div class=\\"wp-block-coblocks-row\\" data-columns=\\"2\\" data-layout=\\"66-33\\"><div class=\\"wp-block-coblocks-row__inner has-no-padding has-no-margin\\"></div></div>
<!-- /wp:coblocks/row -->"
`;

exports[`coblocks/row should render column and layout data 4`] = `
"<!-- wp:coblocks/row {\\"columns\\":\\"2\\",\\"layout\\":\\"33-66\\"} -->
<div class=\\"wp-block-coblocks-row\\" data-columns=\\"2\\" data-layout=\\"33-66\\"><div class=\\"wp-block-coblocks-row__inner has-no-padding has-no-margin\\"></div></div>
<!-- /wp:coblocks/row -->"
`;

exports[`coblocks/row should render column and layout data 5`] = `
"<!-- wp:coblocks/row {\\"columns\\":\\"2\\",\\"layout\\":\\"75-25\\"} -->
<div class=\\"wp-block-coblocks-row\\" data-columns=\\"2\\" data-layout=\\"75-25\\"><div class=\\"wp-block-coblocks-row__inner has-no-padding has-no-margin\\"></div></div>
<!-- /wp:coblocks/row -->"
`;

exports[`coblocks/row should render column and layout data 6`] = `
"<!-- wp:coblocks/row {\\"columns\\":\\"2\\",\\"layout\\":\\"25-75\\"} -->
<div class=\\"wp-block-coblocks-row\\" data-columns=\\"2\\" data-layout=\\"25-75\\"><div class=\\"wp-block-coblocks-row__inner has-no-padding has-no-margin\\"></div></div>
<!-- /wp:coblocks/row -->"
`;

exports[`coblocks/row should render column and layout data 7`] = `
"<!-- wp:coblocks/row {\\"columns\\":\\"3\\",\\"layout\\":\\"33-33-33\\"} -->
<div class=\\"wp-block-coblocks-row\\" data-columns=\\"3\\" data-layout=\\"33-33-33\\"><div class=\\"wp-block-coblocks-row__inner has-no-padding has-no-margin\\"></div></div>
<!-- /wp:coblocks/row -->"
`;

exports[`coblocks/row should render column and layout data 8`] = `
"<!-- wp:coblocks/row {\\"columns\\":\\"3\\",\\"layout\\":\\"50-25-25\\"} -->
<div class=\\"wp-block-coblocks-row\\" data-columns=\\"3\\" data-layout=\\"50-25-25\\"><div class=\\"wp-block-coblocks-row__inner has-no-padding has-no-margin\\"></div></div>
<!-- /wp:coblocks/row -->"
`;

exports[`coblocks/row should render column and layout data 9`] = `
"<!-- wp:coblocks/row {\\"columns\\":\\"3\\",\\"layout\\":\\"25-25-50\\"} -->
<div class=\\"wp-block-coblocks-row\\" data-columns=\\"3\\" data-layout=\\"25-25-50\\"><div class=\\"wp-block-coblocks-row__inner has-no-padding has-no-margin\\"></div></div>
<!-- /wp:coblocks/row -->"
`;

exports[`coblocks/row should render column and layout data 10`] = `
"<!-- wp:coblocks/row {\\"columns\\":\\"3\\",\\"layout\\":\\"25-50-25\\"} -->
<div class=\\"wp-block-coblocks-row\\" data-columns=\\"3\\" data-layout=\\"25-50-25\\"><div class=\\"wp-block-coblocks-row__inner has-no-padding has-no-margin\\"></div></div>
<!-- /wp:coblocks/row -->"
`;

exports[`coblocks/row should render column and layout data 11`] = `
"<!-- wp:coblocks/row {\\"columns\\":\\"3\\",\\"layout\\":\\"20-60-20\\"} -->
<div class=\\"wp-block-coblocks-row\\" data-columns=\\"3\\" data-layout=\\"20-60-20\\"><div class=\\"wp-block-coblocks-row__inner has-no-padding has-no-margin\\"></div></div>
<!-- /wp:coblocks/row -->"
`;

exports[`coblocks/row should render column and layout data 12`] = `
"<!-- wp:coblocks/row {\\"columns\\":\\"4\\",\\"layout\\":\\"25-25-25-25\\"} -->
<div class=\\"wp-block-coblocks-row\\" data-columns=\\"4\\" data-layout=\\"25-25-25-25\\"><div class=\\"wp-block-coblocks-row__inner has-no-padding has-no-margin\\"></div></div>
<!-- /wp:coblocks/row -->"
`;

exports[`coblocks/row should render column and layout data 13`] = `
"<!-- wp:coblocks/row {\\"columns\\":\\"4\\",\\"layout\\":\\"40-20-20-20\\"} -->
<div class=\\"wp-block-coblocks-row\\" data-columns=\\"4\\" data-layout=\\"40-20-20-20\\"><div class=\\"wp-block-coblocks-row__inner has-no-padding has-no-margin\\"></div></div>
<!-- /wp:coblocks/row -->"
`;

exports[`coblocks/row should render column and layout data 14`] = `
"<!-- wp:coblocks/row {\\"columns\\":\\"4\\",\\"layout\\":\\"20-20-20-40\\"} -->
<div class=\\"wp-block-coblocks-row\\" data-columns=\\"4\\" data-layout=\\"20-20-20-40\\"><div class=\\"wp-block-coblocks-row__inner has-no-padding has-no-margin\\"></div></div>
<!-- /wp:coblocks/row -->"
`;

exports[`coblocks/row should render column counts 1`] = `
"<!-- wp:coblocks/row {\\"columns\\":1} -->
<div class=\\"wp-block-coblocks-row\\" data-columns=\\"1\\"><div class=\\"wp-block-coblocks-row__inner has-no-padding has-no-margin\\"></div></div>
<!-- /wp:coblocks/row -->"
`;

exports[`coblocks/row should render column counts 2`] = `
"<!-- wp:coblocks/row {\\"columns\\":2} -->
<div class=\\"wp-block-coblocks-row\\" data-columns=\\"2\\"><div class=\\"wp-block-coblocks-row__inner has-no-padding has-no-margin\\"></div></div>
<!-- /wp:coblocks/row -->"
`;

exports[`coblocks/row should render column counts 3`] = `
"<!-- wp:coblocks/row {\\"columns\\":3} -->
<div class=\\"wp-block-coblocks-row\\" data-columns=\\"3\\"><div class=\\"wp-block-coblocks-row__inner has-no-padding has-no-margin\\"></div></div>
<!-- /wp:coblocks/row -->"
`;

exports[`coblocks/row should render column counts 4`] = `
"<!-- wp:coblocks/row {\\"columns\\":4} -->
<div class=\\"wp-block-coblocks-row\\" data-columns=\\"4\\"><div class=\\"wp-block-coblocks-row__inner has-no-padding has-no-margin\\"></div></div>
<!-- /wp:coblocks/row -->"
`;
