// Jest Snapshot v1, https://goo.gl/fbAQLP

exports[`coblocks/field-name should render 1`] = `"<!-- wp:coblocks/field-name /-->"`;
