// Jest Snapshot v1, https://goo.gl/fbAQLP

exports[`coblocks/reviews should render with content 1`] = `"<!-- wp:coblocks/reviews /-->"`;
