// Jest Snapshot v1, https://goo.gl/fbAQLP

exports[`coblocks/pricing-table should render 1`] = `
"<!-- wp:coblocks/pricing-table -->
<div class=\\"wp-block-coblocks-pricing-table has-text-align-center\\"><div class=\\"wp-block-coblocks-pricing-table__inner has-columns has-2-columns has-responsive-columns\\"></div></div>
<!-- /wp:coblocks/pricing-table -->"
`;

exports[`coblocks/pricing-table should render column classes 1`] = `
"<!-- wp:coblocks/pricing-table {\\"count\\":1} -->
<div class=\\"wp-block-coblocks-pricing-table has-text-align-center\\"><div class=\\"wp-block-coblocks-pricing-table__inner has-1-columns\\"></div></div>
<!-- /wp:coblocks/pricing-table -->"
`;

exports[`coblocks/pricing-table should render column classes 2`] = `
"<!-- wp:coblocks/pricing-table -->
<div class=\\"wp-block-coblocks-pricing-table has-text-align-center\\"><div class=\\"wp-block-coblocks-pricing-table__inner has-columns has-2-columns has-responsive-columns\\"></div></div>
<!-- /wp:coblocks/pricing-table -->"
`;

exports[`coblocks/pricing-table should render column classes 3`] = `
"<!-- wp:coblocks/pricing-table {\\"count\\":3} -->
<div class=\\"wp-block-coblocks-pricing-table has-text-align-center\\"><div class=\\"wp-block-coblocks-pricing-table__inner has-columns has-3-columns has-responsive-columns\\"></div></div>
<!-- /wp:coblocks/pricing-table -->"
`;

exports[`coblocks/pricing-table should render column classes 4`] = `
"<!-- wp:coblocks/pricing-table {\\"count\\":4} -->
<div class=\\"wp-block-coblocks-pricing-table has-text-align-center\\"><div class=\\"wp-block-coblocks-pricing-table__inner has-columns has-4-columns has-responsive-columns\\"></div></div>
<!-- /wp:coblocks/pricing-table -->"
`;

exports[`coblocks/pricing-table should render content align classes 1`] = `
"<!-- wp:coblocks/pricing-table {\\"contentAlign\\":\\"left\\"} -->
<div class=\\"wp-block-coblocks-pricing-table has-text-align-left\\"><div class=\\"wp-block-coblocks-pricing-table__inner has-columns has-2-columns has-responsive-columns\\"></div></div>
<!-- /wp:coblocks/pricing-table -->"
`;

exports[`coblocks/pricing-table should render content align classes 2`] = `
"<!-- wp:coblocks/pricing-table -->
<div class=\\"wp-block-coblocks-pricing-table has-text-align-center\\"><div class=\\"wp-block-coblocks-pricing-table__inner has-columns has-2-columns has-responsive-columns\\"></div></div>
<!-- /wp:coblocks/pricing-table -->"
`;

exports[`coblocks/pricing-table should render content align classes 3`] = `
"<!-- wp:coblocks/pricing-table {\\"contentAlign\\":\\"right\\"} -->
<div class=\\"wp-block-coblocks-pricing-table has-text-align-right\\"><div class=\\"wp-block-coblocks-pricing-table__inner has-columns has-2-columns has-responsive-columns\\"></div></div>
<!-- /wp:coblocks/pricing-table -->"
`;
