// Jest Snapshot v1, https://goo.gl/fbAQLP

exports[`coblocks/gallery-collage should have attachment link when linkTo is set to "attachment" 1`] = `
"<!-- wp:coblocks/gallery-collage {\\"linkTo\\":\\"attachment\\"} -->
<div aria-label=\\"Collage Gallery\\" class=\\"wp-block-coblocks-gallery-collage alignwide has-small-gutter\\"><ul><li class=\\"wp-block-coblocks-gallery-collage__item item-1\\"><figure class=\\"wp-block-coblocks-gallery-collage__figure\\"><img alt=\\"Gallery Image\\" class=\\"wp-image-1\\" data-id=\\"1\\" data-index=\\"0\\" src=\\"https://wordpress.com/wp-content/uploads/1234/56/image-1.jpg\\"/></figure></li><li class=\\"wp-block-coblocks-gallery-collage__item item-2\\"><figure class=\\"wp-block-coblocks-gallery-collage__figure\\"><img alt=\\"Gallery Image\\" class=\\"wp-image-2\\" data-id=\\"2\\" data-index=\\"1\\" src=\\"https://wordpress.com/wp-content/uploads/1234/56/image-2.jpg\\"/></figure></li><li class=\\"wp-block-coblocks-gallery-collage__item item-3\\"><figure class=\\"wp-block-coblocks-gallery-collage__figure\\"><a href=\\"https://wordpress.com/wp-content/uploads/1234/56/image-3.jpg\\" rel=\\"\\"><img alt=\\"Gallery Image\\" class=\\"wp-image-3\\" data-id=\\"3\\" data-index=\\"3\\" data-link=\\"https://wordpress.com/wp-content/uploads/1234/56/image-3.jpg\\" src=\\"https://wordpress.com/wp-content/uploads/1234/56/image-3.jpg\\"/></a></figure></li></ul></div>
<!-- /wp:coblocks/gallery-collage -->"
`;

exports[`coblocks/gallery-collage should have className 'has-caption-style-dark' with captionStyle set to 'dark'. 1`] = `
"<!-- wp:coblocks/gallery-collage {\\"captions\\":true} -->
<div aria-label=\\"Collage Gallery\\" class=\\"wp-block-coblocks-gallery-collage alignwide has-caption-style-dark has-small-gutter\\"><ul><li class=\\"wp-block-coblocks-gallery-collage__item item-1\\"><figure class=\\"wp-block-coblocks-gallery-collage__figure\\"><img alt=\\"Gallery Image\\" class=\\"wp-image-1\\" data-id=\\"1\\" data-index=\\"0\\" src=\\"https://wordpress.com/wp-content/uploads/1234/56/image-1.jpg\\"/></figure></li><li class=\\"wp-block-coblocks-gallery-collage__item item-2\\"><figure class=\\"wp-block-coblocks-gallery-collage__figure\\"><img alt=\\"Gallery Image\\" class=\\"wp-image-2\\" data-id=\\"2\\" data-index=\\"1\\" src=\\"https://wordpress.com/wp-content/uploads/1234/56/image-2.jpg\\"/></figure></li><li class=\\"wp-block-coblocks-gallery-collage__item item-3\\"><figure class=\\"wp-block-coblocks-gallery-collage__figure\\"><img alt=\\"Gallery Image\\" class=\\"wp-image-3\\" data-id=\\"3\\" data-index=\\"3\\" src=\\"https://wordpress.com/wp-content/uploads/1234/56/image-3.jpg\\"/><figcaption class=\\"wp-block-coblocks-gallery-collage__caption\\">test caption</figcaption></figure></li></ul></div>
<!-- /wp:coblocks/gallery-collage -->"
`;

exports[`coblocks/gallery-collage should have className 'has-caption-style-light' with captionStyle set to 'light'. 1`] = `
"<!-- wp:coblocks/gallery-collage {\\"captionStyle\\":\\"light\\",\\"captions\\":true} -->
<div aria-label=\\"Collage Gallery\\" class=\\"wp-block-coblocks-gallery-collage alignwide has-caption-style-light has-small-gutter\\"><ul><li class=\\"wp-block-coblocks-gallery-collage__item item-1\\"><figure class=\\"wp-block-coblocks-gallery-collage__figure\\"><img alt=\\"Gallery Image\\" class=\\"wp-image-1\\" data-id=\\"1\\" data-index=\\"0\\" src=\\"https://wordpress.com/wp-content/uploads/1234/56/image-1.jpg\\"/></figure></li><li class=\\"wp-block-coblocks-gallery-collage__item item-2\\"><figure class=\\"wp-block-coblocks-gallery-collage__figure\\"><img alt=\\"Gallery Image\\" class=\\"wp-image-2\\" data-id=\\"2\\" data-index=\\"1\\" src=\\"https://wordpress.com/wp-content/uploads/1234/56/image-2.jpg\\"/></figure></li><li class=\\"wp-block-coblocks-gallery-collage__item item-3\\"><figure class=\\"wp-block-coblocks-gallery-collage__figure\\"><img alt=\\"Gallery Image\\" class=\\"wp-image-3\\" data-id=\\"3\\" data-index=\\"3\\" src=\\"https://wordpress.com/wp-content/uploads/1234/56/image-3.jpg\\"/><figcaption class=\\"wp-block-coblocks-gallery-collage__caption\\">test caption</figcaption></figure></li></ul></div>
<!-- /wp:coblocks/gallery-collage -->"
`;

exports[`coblocks/gallery-collage should have className 'has-filter-dim' with filter set to 'dim'. 1`] = `
"<!-- wp:coblocks/gallery-collage {\\"filter\\":\\"dim\\"} -->
<div aria-label=\\"Collage Gallery\\" class=\\"wp-block-coblocks-gallery-collage alignwide has-filter-dim has-small-gutter\\"><ul><li class=\\"wp-block-coblocks-gallery-collage__item item-1\\"><figure class=\\"wp-block-coblocks-gallery-collage__figure\\"><img alt=\\"Gallery Image\\" class=\\"wp-image-1\\" data-id=\\"1\\" data-index=\\"0\\" src=\\"https://wordpress.com/wp-content/uploads/1234/56/image-1.jpg\\"/></figure></li><li class=\\"wp-block-coblocks-gallery-collage__item item-2\\"><figure class=\\"wp-block-coblocks-gallery-collage__figure\\"><img alt=\\"Gallery Image\\" class=\\"wp-image-2\\" data-id=\\"2\\" data-index=\\"1\\" src=\\"https://wordpress.com/wp-content/uploads/1234/56/image-2.jpg\\"/></figure></li></ul></div>
<!-- /wp:coblocks/gallery-collage -->"
`;

exports[`coblocks/gallery-collage should have className 'has-filter-grayscale' with filter set to 'grayscale'. 1`] = `
"<!-- wp:coblocks/gallery-collage {\\"filter\\":\\"grayscale\\"} -->
<div aria-label=\\"Collage Gallery\\" class=\\"wp-block-coblocks-gallery-collage alignwide has-filter-grayscale has-small-gutter\\"><ul><li class=\\"wp-block-coblocks-gallery-collage__item item-1\\"><figure class=\\"wp-block-coblocks-gallery-collage__figure\\"><img alt=\\"Gallery Image\\" class=\\"wp-image-1\\" data-id=\\"1\\" data-index=\\"0\\" src=\\"https://wordpress.com/wp-content/uploads/1234/56/image-1.jpg\\"/></figure></li><li class=\\"wp-block-coblocks-gallery-collage__item item-2\\"><figure class=\\"wp-block-coblocks-gallery-collage__figure\\"><img alt=\\"Gallery Image\\" class=\\"wp-image-2\\" data-id=\\"2\\" data-index=\\"1\\" src=\\"https://wordpress.com/wp-content/uploads/1234/56/image-2.jpg\\"/></figure></li></ul></div>
<!-- /wp:coblocks/gallery-collage -->"
`;

exports[`coblocks/gallery-collage should have className 'has-filter-saturation' with filter set to 'saturation'. 1`] = `
"<!-- wp:coblocks/gallery-collage {\\"filter\\":\\"saturation\\"} -->
<div aria-label=\\"Collage Gallery\\" class=\\"wp-block-coblocks-gallery-collage alignwide has-filter-saturation has-small-gutter\\"><ul><li class=\\"wp-block-coblocks-gallery-collage__item item-1\\"><figure class=\\"wp-block-coblocks-gallery-collage__figure\\"><img alt=\\"Gallery Image\\" class=\\"wp-image-1\\" data-id=\\"1\\" data-index=\\"0\\" src=\\"https://wordpress.com/wp-content/uploads/1234/56/image-1.jpg\\"/></figure></li><li class=\\"wp-block-coblocks-gallery-collage__item item-2\\"><figure class=\\"wp-block-coblocks-gallery-collage__figure\\"><img alt=\\"Gallery Image\\" class=\\"wp-image-2\\" data-id=\\"2\\" data-index=\\"1\\" src=\\"https://wordpress.com/wp-content/uploads/1234/56/image-2.jpg\\"/></figure></li></ul></div>
<!-- /wp:coblocks/gallery-collage -->"
`;

exports[`coblocks/gallery-collage should have className 'has-filter-sepia' with filter set to 'sepia'. 1`] = `
"<!-- wp:coblocks/gallery-collage {\\"filter\\":\\"sepia\\"} -->
<div aria-label=\\"Collage Gallery\\" class=\\"wp-block-coblocks-gallery-collage alignwide has-filter-sepia has-small-gutter\\"><ul><li class=\\"wp-block-coblocks-gallery-collage__item item-1\\"><figure class=\\"wp-block-coblocks-gallery-collage__figure\\"><img alt=\\"Gallery Image\\" class=\\"wp-image-1\\" data-id=\\"1\\" data-index=\\"0\\" src=\\"https://wordpress.com/wp-content/uploads/1234/56/image-1.jpg\\"/></figure></li><li class=\\"wp-block-coblocks-gallery-collage__item item-2\\"><figure class=\\"wp-block-coblocks-gallery-collage__figure\\"><img alt=\\"Gallery Image\\" class=\\"wp-image-2\\" data-id=\\"2\\" data-index=\\"1\\" src=\\"https://wordpress.com/wp-content/uploads/1234/56/image-2.jpg\\"/></figure></li></ul></div>
<!-- /wp:coblocks/gallery-collage -->"
`;

exports[`coblocks/gallery-collage should have className 'has-filter-vintage' with filter set to 'vintage'. 1`] = `
"<!-- wp:coblocks/gallery-collage {\\"filter\\":\\"vintage\\"} -->
<div aria-label=\\"Collage Gallery\\" class=\\"wp-block-coblocks-gallery-collage alignwide has-filter-vintage has-small-gutter\\"><ul><li class=\\"wp-block-coblocks-gallery-collage__item item-1\\"><figure class=\\"wp-block-coblocks-gallery-collage__figure\\"><img alt=\\"Gallery Image\\" class=\\"wp-image-1\\" data-id=\\"1\\" data-index=\\"0\\" src=\\"https://wordpress.com/wp-content/uploads/1234/56/image-1.jpg\\"/></figure></li><li class=\\"wp-block-coblocks-gallery-collage__item item-2\\"><figure class=\\"wp-block-coblocks-gallery-collage__figure\\"><img alt=\\"Gallery Image\\" class=\\"wp-image-2\\" data-id=\\"2\\" data-index=\\"1\\" src=\\"https://wordpress.com/wp-content/uploads/1234/56/image-2.jpg\\"/></figure></li></ul></div>
<!-- /wp:coblocks/gallery-collage -->"
`;

exports[`coblocks/gallery-collage should have className 'has-large-gutter' with gutter set to 'large'. 1`] = `
"<!-- wp:coblocks/gallery-collage {\\"gutter\\":\\"large\\"} -->
<div aria-label=\\"Collage Gallery\\" class=\\"wp-block-coblocks-gallery-collage alignwide has-large-gutter\\"><ul><li class=\\"wp-block-coblocks-gallery-collage__item item-1\\"><figure class=\\"wp-block-coblocks-gallery-collage__figure\\"><img alt=\\"Gallery Image\\" class=\\"wp-image-1\\" data-id=\\"1\\" data-index=\\"0\\" src=\\"https://wordpress.com/wp-content/uploads/1234/56/image-1.jpg\\"/></figure></li><li class=\\"wp-block-coblocks-gallery-collage__item item-2\\"><figure class=\\"wp-block-coblocks-gallery-collage__figure\\"><img alt=\\"Gallery Image\\" class=\\"wp-image-2\\" data-id=\\"2\\" data-index=\\"1\\" src=\\"https://wordpress.com/wp-content/uploads/1234/56/image-2.jpg\\"/></figure></li></ul></div>
<!-- /wp:coblocks/gallery-collage -->"
`;

exports[`coblocks/gallery-collage should have className 'has-lightbox' with lightbox enabled. 1`] = `
"<!-- wp:coblocks/gallery-collage {\\"lightbox\\":true} -->
<div aria-label=\\"Collage Gallery\\" class=\\"wp-block-coblocks-gallery-collage alignwide has-lightbox has-small-gutter\\"><ul><li class=\\"wp-block-coblocks-gallery-collage__item item-1\\"><figure class=\\"wp-block-coblocks-gallery-collage__figure\\"><img alt=\\"Gallery Image\\" class=\\"wp-image-1\\" data-id=\\"1\\" data-index=\\"0\\" src=\\"https://wordpress.com/wp-content/uploads/1234/56/image-1.jpg\\"/></figure></li><li class=\\"wp-block-coblocks-gallery-collage__item item-2\\"><figure class=\\"wp-block-coblocks-gallery-collage__figure\\"><img alt=\\"Gallery Image\\" class=\\"wp-image-2\\" data-id=\\"2\\" data-index=\\"1\\" src=\\"https://wordpress.com/wp-content/uploads/1234/56/image-2.jpg\\"/></figure></li></ul></div>
<!-- /wp:coblocks/gallery-collage -->"
`;

exports[`coblocks/gallery-collage should have className 'has-medium-gutter' with gutter set to 'medium'. 1`] = `
"<!-- wp:coblocks/gallery-collage {\\"gutter\\":\\"medium\\"} -->
<div aria-label=\\"Collage Gallery\\" class=\\"wp-block-coblocks-gallery-collage alignwide has-medium-gutter\\"><ul><li class=\\"wp-block-coblocks-gallery-collage__item item-1\\"><figure class=\\"wp-block-coblocks-gallery-collage__figure\\"><img alt=\\"Gallery Image\\" class=\\"wp-image-1\\" data-id=\\"1\\" data-index=\\"0\\" src=\\"https://wordpress.com/wp-content/uploads/1234/56/image-1.jpg\\"/></figure></li><li class=\\"wp-block-coblocks-gallery-collage__item item-2\\"><figure class=\\"wp-block-coblocks-gallery-collage__figure\\"><img alt=\\"Gallery Image\\" class=\\"wp-image-2\\" data-id=\\"2\\" data-index=\\"1\\" src=\\"https://wordpress.com/wp-content/uploads/1234/56/image-2.jpg\\"/></figure></li></ul></div>
<!-- /wp:coblocks/gallery-collage -->"
`;

exports[`coblocks/gallery-collage should have className 'has-small-gutter' with gutter set to 'small'. 1`] = `
"<!-- wp:coblocks/gallery-collage -->
<div aria-label=\\"Collage Gallery\\" class=\\"wp-block-coblocks-gallery-collage alignwide has-small-gutter\\"><ul><li class=\\"wp-block-coblocks-gallery-collage__item item-1\\"><figure class=\\"wp-block-coblocks-gallery-collage__figure\\"><img alt=\\"Gallery Image\\" class=\\"wp-image-1\\" data-id=\\"1\\" data-index=\\"0\\" src=\\"https://wordpress.com/wp-content/uploads/1234/56/image-1.jpg\\"/></figure></li><li class=\\"wp-block-coblocks-gallery-collage__item item-2\\"><figure class=\\"wp-block-coblocks-gallery-collage__figure\\"><img alt=\\"Gallery Image\\" class=\\"wp-image-2\\" data-id=\\"2\\" data-index=\\"1\\" src=\\"https://wordpress.com/wp-content/uploads/1234/56/image-2.jpg\\"/></figure></li></ul></div>
<!-- /wp:coblocks/gallery-collage -->"
`;

exports[`coblocks/gallery-collage should have className 'is-style-layered'. 1`] = `
"<!-- wp:coblocks/gallery-collage {\\"className\\":\\"is-style-layered\\"} -->
<div aria-label=\\"Collage Gallery\\" class=\\"wp-block-coblocks-gallery-collage alignwide is-style-layered has-small-gutter\\"><ul><li class=\\"wp-block-coblocks-gallery-collage__item item-1\\"><figure class=\\"wp-block-coblocks-gallery-collage__figure\\"><img alt=\\"Gallery Image\\" class=\\"wp-image-1\\" data-id=\\"1\\" data-index=\\"0\\" src=\\"https://wordpress.com/wp-content/uploads/1234/56/image-1.jpg\\"/></figure></li><li class=\\"wp-block-coblocks-gallery-collage__item item-2\\"><figure class=\\"wp-block-coblocks-gallery-collage__figure\\"><img alt=\\"Gallery Image\\" class=\\"wp-image-2\\" data-id=\\"2\\" data-index=\\"1\\" src=\\"https://wordpress.com/wp-content/uploads/1234/56/image-2.jpg\\"/></figure></li></ul></div>
<!-- /wp:coblocks/gallery-collage -->"
`;

exports[`coblocks/gallery-collage should have className 'is-style-tiled'. 1`] = `
"<!-- wp:coblocks/gallery-collage {\\"className\\":\\"is-style-tiled\\"} -->
<div aria-label=\\"Collage Gallery\\" class=\\"wp-block-coblocks-gallery-collage alignwide is-style-tiled has-small-gutter\\"><ul><li class=\\"wp-block-coblocks-gallery-collage__item item-1\\"><figure class=\\"wp-block-coblocks-gallery-collage__figure\\"><img alt=\\"Gallery Image\\" class=\\"wp-image-1\\" data-id=\\"1\\" data-index=\\"0\\" src=\\"https://wordpress.com/wp-content/uploads/1234/56/image-1.jpg\\"/></figure></li><li class=\\"wp-block-coblocks-gallery-collage__item item-2\\"><figure class=\\"wp-block-coblocks-gallery-collage__figure\\"><img alt=\\"Gallery Image\\" class=\\"wp-image-2\\" data-id=\\"2\\" data-index=\\"1\\" src=\\"https://wordpress.com/wp-content/uploads/1234/56/image-2.jpg\\"/></figure></li></ul></div>
<!-- /wp:coblocks/gallery-collage -->"
`;

exports[`coblocks/gallery-collage should have custom link when linkTo is set to "custom" 1`] = `
"<!-- wp:coblocks/gallery-collage {\\"linkTo\\":\\"custom\\"} -->
<div aria-label=\\"Collage Gallery\\" class=\\"wp-block-coblocks-gallery-collage alignwide has-small-gutter\\"><ul><li class=\\"wp-block-coblocks-gallery-collage__item item-1\\"><figure class=\\"wp-block-coblocks-gallery-collage__figure\\"><img alt=\\"Gallery Image\\" class=\\"wp-image-1\\" data-id=\\"1\\" data-index=\\"0\\" src=\\"https://wordpress.com/wp-content/uploads/1234/56/image-1.jpg\\"/></figure></li><li class=\\"wp-block-coblocks-gallery-collage__item item-2\\"><figure class=\\"wp-block-coblocks-gallery-collage__figure\\"><img alt=\\"Gallery Image\\" class=\\"wp-image-2\\" data-id=\\"2\\" data-index=\\"1\\" src=\\"https://wordpress.com/wp-content/uploads/1234/56/image-2.jpg\\"/></figure></li><li class=\\"wp-block-coblocks-gallery-collage__item item-3\\"><figure class=\\"wp-block-coblocks-gallery-collage__figure\\"><a href=\\"http://google.com\\" rel=\\"\\"><img alt=\\"Gallery Image\\" class=\\"wp-image-3\\" data-id=\\"3\\" data-imglink=\\"http://google.com\\" data-index=\\"3\\" src=\\"https://wordpress.com/wp-content/uploads/1234/56/image-3.jpg\\"/></a></figure></li></ul></div>
<!-- /wp:coblocks/gallery-collage -->"
`;

exports[`coblocks/gallery-collage should have figcaption element with captions enabled and caption text. 1`] = `
"<!-- wp:coblocks/gallery-collage {\\"captions\\":true} -->
<div aria-label=\\"Collage Gallery\\" class=\\"wp-block-coblocks-gallery-collage alignwide has-caption-style-dark has-small-gutter\\"><ul><li class=\\"wp-block-coblocks-gallery-collage__item item-1\\"><figure class=\\"wp-block-coblocks-gallery-collage__figure\\"><img alt=\\"Gallery Image\\" class=\\"wp-image-1\\" data-id=\\"1\\" data-index=\\"0\\" src=\\"https://wordpress.com/wp-content/uploads/1234/56/image-1.jpg\\"/></figure></li><li class=\\"wp-block-coblocks-gallery-collage__item item-2\\"><figure class=\\"wp-block-coblocks-gallery-collage__figure\\"><img alt=\\"Gallery Image\\" class=\\"wp-image-2\\" data-id=\\"2\\" data-index=\\"1\\" src=\\"https://wordpress.com/wp-content/uploads/1234/56/image-2.jpg\\"/></figure></li><li class=\\"wp-block-coblocks-gallery-collage__item item-3\\"><figure class=\\"wp-block-coblocks-gallery-collage__figure\\"><img alt=\\"Gallery Image\\" class=\\"wp-image-3\\" data-id=\\"3\\" data-index=\\"3\\" src=\\"https://wordpress.com/wp-content/uploads/1234/56/image-3.jpg\\"/><figcaption class=\\"wp-block-coblocks-gallery-collage__caption\\">test caption</figcaption></figure></li></ul></div>
<!-- /wp:coblocks/gallery-collage -->"
`;

exports[`coblocks/gallery-collage should have media link when linkTo is set to "media" 1`] = `
"<!-- wp:coblocks/gallery-collage {\\"linkTo\\":\\"media\\"} -->
<div aria-label=\\"Collage Gallery\\" class=\\"wp-block-coblocks-gallery-collage alignwide has-small-gutter\\"><ul><li class=\\"wp-block-coblocks-gallery-collage__item item-1\\"><figure class=\\"wp-block-coblocks-gallery-collage__figure\\"><a href=\\"https://wordpress.com/wp-content/uploads/1234/56/image-1.jpg\\" rel=\\"\\"><img alt=\\"Gallery Image\\" class=\\"wp-image-1\\" data-id=\\"1\\" data-index=\\"0\\" src=\\"https://wordpress.com/wp-content/uploads/1234/56/image-1.jpg\\"/></a></figure></li><li class=\\"wp-block-coblocks-gallery-collage__item item-2\\"><figure class=\\"wp-block-coblocks-gallery-collage__figure\\"><a href=\\"https://wordpress.com/wp-content/uploads/1234/56/image-2.jpg\\" rel=\\"\\"><img alt=\\"Gallery Image\\" class=\\"wp-image-2\\" data-id=\\"2\\" data-index=\\"1\\" src=\\"https://wordpress.com/wp-content/uploads/1234/56/image-2.jpg\\"/></a></figure></li><li class=\\"wp-block-coblocks-gallery-collage__item item-3\\"><figure class=\\"wp-block-coblocks-gallery-collage__figure\\"><a href=\\"https://wordpress.com/wp-content/uploads/1234/56/image-3.jpg\\" rel=\\"\\"><img alt=\\"Gallery Image\\" class=\\"wp-image-3\\" data-id=\\"3\\" data-index=\\"3\\" src=\\"https://wordpress.com/wp-content/uploads/1234/56/image-3.jpg\\"/></a></figure></li></ul></div>
<!-- /wp:coblocks/gallery-collage -->"
`;

exports[`coblocks/gallery-collage should not render image if URL is not defined 1`] = `
"<!-- wp:coblocks/gallery-collage -->
<div aria-label=\\"Collage Gallery\\" class=\\"wp-block-coblocks-gallery-collage alignwide has-small-gutter\\"><ul><li class=\\"wp-block-coblocks-gallery-collage__item item-1\\"></li></ul></div>
<!-- /wp:coblocks/gallery-collage -->"
`;

exports[`coblocks/gallery-collage should render with images 1`] = `
"<!-- wp:coblocks/gallery-collage -->
<div aria-label=\\"Collage Gallery\\" class=\\"wp-block-coblocks-gallery-collage alignwide has-small-gutter\\"><ul><li class=\\"wp-block-coblocks-gallery-collage__item item-1\\"><figure class=\\"wp-block-coblocks-gallery-collage__figure\\"><img alt=\\"Gallery Image\\" class=\\"wp-image-1\\" data-id=\\"1\\" data-index=\\"0\\" src=\\"https://wordpress.com/wp-content/uploads/1234/56/image-1.jpg\\"/></figure></li><li class=\\"wp-block-coblocks-gallery-collage__item item-2\\"><figure class=\\"wp-block-coblocks-gallery-collage__figure\\"><img alt=\\"Gallery Image\\" class=\\"wp-image-2\\" data-id=\\"2\\" data-index=\\"1\\" src=\\"https://wordpress.com/wp-content/uploads/1234/56/image-2.jpg\\"/></figure></li></ul></div>
<!-- /wp:coblocks/gallery-collage -->"
`;
