// Jest Snapshot v1, https://goo.gl/fbAQLP

exports[`coblocks/testimonial should render empty when Name is missing 1`] = `"<!-- wp:coblocks/testimonial /-->"`;

exports[`coblocks/testimonial should render with content 1`] = `
"<!-- wp:coblocks/testimonial -->
<div class=\\"wp-block-coblocks-testimonial\\"><div class=\\"wp-block-coblocks-testimonial__heading\\"><h4 class=\\"wp-block-coblocks-testimonial__heading__name\\">Some name</h4><p class=\\"wp-block-coblocks-testimonial__heading__role\\">Some role</p></div><p class=\\"wp-block-coblocks-testimonial__text\\" itemprop=\\"description\\">Some text</p></div>
<!-- /wp:coblocks/testimonial -->"
`;

exports[`coblocks/testimonial should render with focal point on image 1`] = `
"<!-- wp:coblocks/testimonial {\\"focalPoint\\":{\\"x\\":0.5,\\"y\\":1},\\"showImage\\":true} -->
<div class=\\"wp-block-coblocks-testimonial\\"><figure class=\\"wp-block-coblocks-testimonial__image\\" style=\\"height:100px;width:100px\\"><img alt=\\"\\" src=\\"http://some.url/someimage.jpg\\" style=\\"object-position:50% 100%\\"/></figure><div class=\\"wp-block-coblocks-testimonial__heading\\"><h4 class=\\"wp-block-coblocks-testimonial__heading__name\\">Some name</h4></div><p class=\\"wp-block-coblocks-testimonial__text\\" itemprop=\\"description\\"></p></div>
<!-- /wp:coblocks/testimonial -->"
`;

exports[`coblocks/testimonial should render with image 1`] = `
"<!-- wp:coblocks/testimonial {\\"showImage\\":true} -->
<div class=\\"wp-block-coblocks-testimonial\\"><figure class=\\"wp-block-coblocks-testimonial__image\\" style=\\"height:100px;width:100px\\"><img alt=\\"\\" src=\\"http://some.url/someimage.jpg\\"/></figure><div class=\\"wp-block-coblocks-testimonial__heading\\"><h4 class=\\"wp-block-coblocks-testimonial__heading__name\\">Some name</h4></div><p class=\\"wp-block-coblocks-testimonial__text\\" itemprop=\\"description\\"></p></div>
<!-- /wp:coblocks/testimonial -->"
`;

exports[`coblocks/testimonial should render with the "conversation" style 1`] = `
"<!-- wp:coblocks/testimonial {\\"styleName\\":\\"conversation\\"} -->
<div class=\\"wp-block-coblocks-testimonial\\"><div class=\\"wp-block-coblocks-testimonial__text-bubble\\"><p class=\\"wp-block-coblocks-testimonial__text\\" itemprop=\\"description\\"></p><span class=\\"wp-block-coblocks-testimonial__text-bubble__tip-back\\"></span><span class=\\"wp-block-coblocks-testimonial__text-bubble__tip-front\\"></span></div><div class=\\"wp-block-coblocks-testimonial__content\\"><div class=\\"wp-block-coblocks-testimonial__heading\\"><h4 class=\\"wp-block-coblocks-testimonial__heading__name\\">Some name</h4></div></div></div>
<!-- /wp:coblocks/testimonial -->"
`;

exports[`coblocks/testimonial should render with the "horizontal" style 1`] = `
"<!-- wp:coblocks/testimonial {\\"styleName\\":\\"horizontal\\"} -->
<div class=\\"wp-block-coblocks-testimonial\\"><div class=\\"wp-block-coblocks-testimonial__content\\"><div class=\\"wp-block-coblocks-testimonial__heading\\"><h4 class=\\"wp-block-coblocks-testimonial__heading__name\\">Some name</h4></div><p class=\\"wp-block-coblocks-testimonial__text\\" itemprop=\\"description\\"></p></div></div>
<!-- /wp:coblocks/testimonial -->"
`;
