// Jest Snapshot v1, https://goo.gl/fbAQLP

exports[`coblocks/accordion should render with content 1`] = `
"<!-- wp:coblocks/accordion -->
<div class="wp-block-coblocks-accordion"></div>
<!-- /wp:coblocks/accordion -->"
`;
