// Jest Snapshot v1, https://goo.gl/fbAQLP

exports[`Tests for coblocks/gallery-stacked should have attachment link when linkTo is set to "attachment" 1`] = `
"<!-- wp:coblocks/gallery-stacked {\\"linkTo\\":\\"attachment\\"} -->
<div class=\\"wp-block-coblocks-gallery-stacked\\"><ul class=\\"coblocks-gallery has-no-alignment has-fullwidth-images\\"><li class=\\"coblocks-gallery--item\\"><figure class=\\"coblocks-gallery--figure\\"><img class=\\"wp-image-1 has-shadow-none\\" data-id=\\"1\\" src=\\"https://wordpress.com/wp-content/uploads/1234/56/image-1.jpg\\"/></figure></li><li class=\\"coblocks-gallery--item\\"><figure class=\\"coblocks-gallery--figure\\"><img class=\\"wp-image-2 has-shadow-none\\" data-id=\\"2\\" src=\\"https://wordpress.com/wp-content/uploads/1234/56/image-2.jpg\\"/></figure></li><li class=\\"coblocks-gallery--item\\"><figure class=\\"coblocks-gallery--figure\\"><img class=\\"has-shadow-none\\" src=\\"https://wordpress.com/wp-content/uploads/1234/56/image-3.jpg\\"/></figure></li><li class=\\"coblocks-gallery--item\\"><figure class=\\"coblocks-gallery--figure\\"><a href=\\"https://wordpress.com/wp-content/uploads/1234/56/image-3.jpg\\"><img class=\\"wp-image-3 has-shadow-none\\" data-id=\\"3\\" data-link=\\"https://wordpress.com/wp-content/uploads/1234/56/image-3.jpg\\" src=\\"https://wordpress.com/wp-content/uploads/1234/56/image-3.jpg\\"/></a></figure></li></ul></div>
<!-- /wp:coblocks/gallery-stacked -->"
`;

exports[`Tests for coblocks/gallery-stacked should have className 'has-filter-dim' with filter set to 'dim'. 1`] = `
"<!-- wp:coblocks/gallery-stacked {\\"filter\\":\\"dim\\"} -->
<div class=\\"wp-block-coblocks-gallery-stacked\\"><ul class=\\"coblocks-gallery has-no-alignment has-filter-dim has-fullwidth-images\\"><li class=\\"coblocks-gallery--item\\"><figure class=\\"coblocks-gallery--figure\\"><img class=\\"wp-image-1 has-shadow-none\\" data-id=\\"1\\" src=\\"https://wordpress.com/wp-content/uploads/1234/56/image-1.jpg\\"/></figure></li><li class=\\"coblocks-gallery--item\\"><figure class=\\"coblocks-gallery--figure\\"><img class=\\"wp-image-2 has-shadow-none\\" data-id=\\"2\\" src=\\"https://wordpress.com/wp-content/uploads/1234/56/image-2.jpg\\"/></figure></li><li class=\\"coblocks-gallery--item\\"><figure class=\\"coblocks-gallery--figure\\"><img class=\\"has-shadow-none\\" src=\\"https://wordpress.com/wp-content/uploads/1234/56/image-3.jpg\\"/></figure></li></ul></div>
<!-- /wp:coblocks/gallery-stacked -->"
`;

exports[`Tests for coblocks/gallery-stacked should have className 'has-filter-grayscale' with filter set to 'grayscale'. 1`] = `
"<!-- wp:coblocks/gallery-stacked {\\"filter\\":\\"grayscale\\"} -->
<div class=\\"wp-block-coblocks-gallery-stacked\\"><ul class=\\"coblocks-gallery has-no-alignment has-filter-grayscale has-fullwidth-images\\"><li class=\\"coblocks-gallery--item\\"><figure class=\\"coblocks-gallery--figure\\"><img class=\\"wp-image-1 has-shadow-none\\" data-id=\\"1\\" src=\\"https://wordpress.com/wp-content/uploads/1234/56/image-1.jpg\\"/></figure></li><li class=\\"coblocks-gallery--item\\"><figure class=\\"coblocks-gallery--figure\\"><img class=\\"wp-image-2 has-shadow-none\\" data-id=\\"2\\" src=\\"https://wordpress.com/wp-content/uploads/1234/56/image-2.jpg\\"/></figure></li><li class=\\"coblocks-gallery--item\\"><figure class=\\"coblocks-gallery--figure\\"><img class=\\"has-shadow-none\\" src=\\"https://wordpress.com/wp-content/uploads/1234/56/image-3.jpg\\"/></figure></li></ul></div>
<!-- /wp:coblocks/gallery-stacked -->"
`;

exports[`Tests for coblocks/gallery-stacked should have className 'has-filter-saturation' with filter set to 'saturation'. 1`] = `
"<!-- wp:coblocks/gallery-stacked {\\"filter\\":\\"saturation\\"} -->
<div class=\\"wp-block-coblocks-gallery-stacked\\"><ul class=\\"coblocks-gallery has-no-alignment has-filter-saturation has-fullwidth-images\\"><li class=\\"coblocks-gallery--item\\"><figure class=\\"coblocks-gallery--figure\\"><img class=\\"wp-image-1 has-shadow-none\\" data-id=\\"1\\" src=\\"https://wordpress.com/wp-content/uploads/1234/56/image-1.jpg\\"/></figure></li><li class=\\"coblocks-gallery--item\\"><figure class=\\"coblocks-gallery--figure\\"><img class=\\"wp-image-2 has-shadow-none\\" data-id=\\"2\\" src=\\"https://wordpress.com/wp-content/uploads/1234/56/image-2.jpg\\"/></figure></li><li class=\\"coblocks-gallery--item\\"><figure class=\\"coblocks-gallery--figure\\"><img class=\\"has-shadow-none\\" src=\\"https://wordpress.com/wp-content/uploads/1234/56/image-3.jpg\\"/></figure></li></ul></div>
<!-- /wp:coblocks/gallery-stacked -->"
`;

exports[`Tests for coblocks/gallery-stacked should have className 'has-filter-sepia' with filter set to 'sepia'. 1`] = `
"<!-- wp:coblocks/gallery-stacked {\\"filter\\":\\"sepia\\"} -->
<div class=\\"wp-block-coblocks-gallery-stacked\\"><ul class=\\"coblocks-gallery has-no-alignment has-filter-sepia has-fullwidth-images\\"><li class=\\"coblocks-gallery--item\\"><figure class=\\"coblocks-gallery--figure\\"><img class=\\"wp-image-1 has-shadow-none\\" data-id=\\"1\\" src=\\"https://wordpress.com/wp-content/uploads/1234/56/image-1.jpg\\"/></figure></li><li class=\\"coblocks-gallery--item\\"><figure class=\\"coblocks-gallery--figure\\"><img class=\\"wp-image-2 has-shadow-none\\" data-id=\\"2\\" src=\\"https://wordpress.com/wp-content/uploads/1234/56/image-2.jpg\\"/></figure></li><li class=\\"coblocks-gallery--item\\"><figure class=\\"coblocks-gallery--figure\\"><img class=\\"has-shadow-none\\" src=\\"https://wordpress.com/wp-content/uploads/1234/56/image-3.jpg\\"/></figure></li></ul></div>
<!-- /wp:coblocks/gallery-stacked -->"
`;

exports[`Tests for coblocks/gallery-stacked should have className 'has-filter-vintage' with filter set to 'vintage'. 1`] = `
"<!-- wp:coblocks/gallery-stacked {\\"filter\\":\\"vintage\\"} -->
<div class=\\"wp-block-coblocks-gallery-stacked\\"><ul class=\\"coblocks-gallery has-no-alignment has-filter-vintage has-fullwidth-images\\"><li class=\\"coblocks-gallery--item\\"><figure class=\\"coblocks-gallery--figure\\"><img class=\\"wp-image-1 has-shadow-none\\" data-id=\\"1\\" src=\\"https://wordpress.com/wp-content/uploads/1234/56/image-1.jpg\\"/></figure></li><li class=\\"coblocks-gallery--item\\"><figure class=\\"coblocks-gallery--figure\\"><img class=\\"wp-image-2 has-shadow-none\\" data-id=\\"2\\" src=\\"https://wordpress.com/wp-content/uploads/1234/56/image-2.jpg\\"/></figure></li><li class=\\"coblocks-gallery--item\\"><figure class=\\"coblocks-gallery--figure\\"><img class=\\"has-shadow-none\\" src=\\"https://wordpress.com/wp-content/uploads/1234/56/image-3.jpg\\"/></figure></li></ul></div>
<!-- /wp:coblocks/gallery-stacked -->"
`;

exports[`Tests for coblocks/gallery-stacked should have className 'has-fullwidth-images' with Fullwidth Images enabled. 1`] = `
"<!-- wp:coblocks/gallery-stacked -->
<div class=\\"wp-block-coblocks-gallery-stacked\\"><ul class=\\"coblocks-gallery has-no-alignment has-fullwidth-images\\"><li class=\\"coblocks-gallery--item\\"><figure class=\\"coblocks-gallery--figure\\"><img class=\\"wp-image-1 has-shadow-none\\" data-id=\\"1\\" src=\\"https://wordpress.com/wp-content/uploads/1234/56/image-1.jpg\\"/></figure></li><li class=\\"coblocks-gallery--item\\"><figure class=\\"coblocks-gallery--figure\\"><img class=\\"wp-image-2 has-shadow-none\\" data-id=\\"2\\" src=\\"https://wordpress.com/wp-content/uploads/1234/56/image-2.jpg\\"/></figure></li><li class=\\"coblocks-gallery--item\\"><figure class=\\"coblocks-gallery--figure\\"><img class=\\"has-shadow-none\\" src=\\"https://wordpress.com/wp-content/uploads/1234/56/image-3.jpg\\"/></figure></li></ul></div>
<!-- /wp:coblocks/gallery-stacked -->"
`;

exports[`Tests for coblocks/gallery-stacked should have className 'has-lightbox' with lightbox enabled. 1`] = `
"<!-- wp:coblocks/gallery-stacked {\\"lightbox\\":true} -->
<div class=\\"wp-block-coblocks-gallery-stacked has-lightbox\\"><ul class=\\"coblocks-gallery has-no-alignment has-fullwidth-images\\"><li class=\\"coblocks-gallery--item\\"><figure class=\\"coblocks-gallery--figure\\"><img class=\\"wp-image-1 has-shadow-none\\" data-id=\\"1\\" src=\\"https://wordpress.com/wp-content/uploads/1234/56/image-1.jpg\\"/></figure></li><li class=\\"coblocks-gallery--item\\"><figure class=\\"coblocks-gallery--figure\\"><img class=\\"wp-image-2 has-shadow-none\\" data-id=\\"2\\" src=\\"https://wordpress.com/wp-content/uploads/1234/56/image-2.jpg\\"/></figure></li><li class=\\"coblocks-gallery--item\\"><figure class=\\"coblocks-gallery--figure\\"><img class=\\"has-shadow-none\\" src=\\"https://wordpress.com/wp-content/uploads/1234/56/image-3.jpg\\"/></figure></li></ul></div>
<!-- /wp:coblocks/gallery-stacked -->"
`;

exports[`Tests for coblocks/gallery-stacked should have className 'has-shadow-lrg' with box shadow set. 1`] = `
"<!-- wp:coblocks/gallery-stacked {\\"shadow\\":\\"lrg\\"} -->
<div class=\\"wp-block-coblocks-gallery-stacked\\"><ul class=\\"coblocks-gallery has-no-alignment has-fullwidth-images\\"><li class=\\"coblocks-gallery--item\\"><figure class=\\"coblocks-gallery--figure\\"><img class=\\"wp-image-1 has-shadow-lrg\\" data-id=\\"1\\" src=\\"https://wordpress.com/wp-content/uploads/1234/56/image-1.jpg\\"/></figure></li><li class=\\"coblocks-gallery--item\\"><figure class=\\"coblocks-gallery--figure\\"><img class=\\"wp-image-2 has-shadow-lrg\\" data-id=\\"2\\" src=\\"https://wordpress.com/wp-content/uploads/1234/56/image-2.jpg\\"/></figure></li><li class=\\"coblocks-gallery--item\\"><figure class=\\"coblocks-gallery--figure\\"><img class=\\"has-shadow-lrg\\" src=\\"https://wordpress.com/wp-content/uploads/1234/56/image-3.jpg\\"/></figure></li></ul></div>
<!-- /wp:coblocks/gallery-stacked -->"
`;

exports[`Tests for coblocks/gallery-stacked should have className 'has-shadow-med' with box shadow set. 1`] = `
"<!-- wp:coblocks/gallery-stacked {\\"shadow\\":\\"med\\"} -->
<div class=\\"wp-block-coblocks-gallery-stacked\\"><ul class=\\"coblocks-gallery has-no-alignment has-fullwidth-images\\"><li class=\\"coblocks-gallery--item\\"><figure class=\\"coblocks-gallery--figure\\"><img class=\\"wp-image-1 has-shadow-med\\" data-id=\\"1\\" src=\\"https://wordpress.com/wp-content/uploads/1234/56/image-1.jpg\\"/></figure></li><li class=\\"coblocks-gallery--item\\"><figure class=\\"coblocks-gallery--figure\\"><img class=\\"wp-image-2 has-shadow-med\\" data-id=\\"2\\" src=\\"https://wordpress.com/wp-content/uploads/1234/56/image-2.jpg\\"/></figure></li><li class=\\"coblocks-gallery--item\\"><figure class=\\"coblocks-gallery--figure\\"><img class=\\"has-shadow-med\\" src=\\"https://wordpress.com/wp-content/uploads/1234/56/image-3.jpg\\"/></figure></li></ul></div>
<!-- /wp:coblocks/gallery-stacked -->"
`;

exports[`Tests for coblocks/gallery-stacked should have className 'has-shadow-none' with box shadow set. 1`] = `
"<!-- wp:coblocks/gallery-stacked -->
<div class=\\"wp-block-coblocks-gallery-stacked\\"><ul class=\\"coblocks-gallery has-no-alignment has-fullwidth-images\\"><li class=\\"coblocks-gallery--item\\"><figure class=\\"coblocks-gallery--figure\\"><img class=\\"wp-image-1 has-shadow-none\\" data-id=\\"1\\" src=\\"https://wordpress.com/wp-content/uploads/1234/56/image-1.jpg\\"/></figure></li><li class=\\"coblocks-gallery--item\\"><figure class=\\"coblocks-gallery--figure\\"><img class=\\"wp-image-2 has-shadow-none\\" data-id=\\"2\\" src=\\"https://wordpress.com/wp-content/uploads/1234/56/image-2.jpg\\"/></figure></li><li class=\\"coblocks-gallery--item\\"><figure class=\\"coblocks-gallery--figure\\"><img class=\\"has-shadow-none\\" src=\\"https://wordpress.com/wp-content/uploads/1234/56/image-3.jpg\\"/></figure></li></ul></div>
<!-- /wp:coblocks/gallery-stacked -->"
`;

exports[`Tests for coblocks/gallery-stacked should have className 'has-shadow-sml' with box shadow set. 1`] = `
"<!-- wp:coblocks/gallery-stacked {\\"shadow\\":\\"sml\\"} -->
<div class=\\"wp-block-coblocks-gallery-stacked\\"><ul class=\\"coblocks-gallery has-no-alignment has-fullwidth-images\\"><li class=\\"coblocks-gallery--item\\"><figure class=\\"coblocks-gallery--figure\\"><img class=\\"wp-image-1 has-shadow-sml\\" data-id=\\"1\\" src=\\"https://wordpress.com/wp-content/uploads/1234/56/image-1.jpg\\"/></figure></li><li class=\\"coblocks-gallery--item\\"><figure class=\\"coblocks-gallery--figure\\"><img class=\\"wp-image-2 has-shadow-sml\\" data-id=\\"2\\" src=\\"https://wordpress.com/wp-content/uploads/1234/56/image-2.jpg\\"/></figure></li><li class=\\"coblocks-gallery--item\\"><figure class=\\"coblocks-gallery--figure\\"><img class=\\"has-shadow-sml\\" src=\\"https://wordpress.com/wp-content/uploads/1234/56/image-3.jpg\\"/></figure></li></ul></div>
<!-- /wp:coblocks/gallery-stacked -->"
`;

exports[`Tests for coblocks/gallery-stacked should have custom link when linkTo is set to "custom" 1`] = `
"<!-- wp:coblocks/gallery-stacked {\\"linkTo\\":\\"custom\\"} -->
<div class=\\"wp-block-coblocks-gallery-stacked\\"><ul class=\\"coblocks-gallery has-no-alignment has-fullwidth-images\\"><li class=\\"coblocks-gallery--item\\"><figure class=\\"coblocks-gallery--figure\\"><img class=\\"wp-image-1 has-shadow-none\\" data-id=\\"1\\" src=\\"https://wordpress.com/wp-content/uploads/1234/56/image-1.jpg\\"/></figure></li><li class=\\"coblocks-gallery--item\\"><figure class=\\"coblocks-gallery--figure\\"><img class=\\"wp-image-2 has-shadow-none\\" data-id=\\"2\\" src=\\"https://wordpress.com/wp-content/uploads/1234/56/image-2.jpg\\"/></figure></li><li class=\\"coblocks-gallery--item\\"><figure class=\\"coblocks-gallery--figure\\"><img class=\\"has-shadow-none\\" src=\\"https://wordpress.com/wp-content/uploads/1234/56/image-3.jpg\\"/></figure></li><li class=\\"coblocks-gallery--item\\"><figure class=\\"coblocks-gallery--figure\\"><a href=\\"http://google.com\\"><img class=\\"wp-image-3 has-shadow-none\\" data-id=\\"3\\" data-imglink=\\"http://google.com\\" src=\\"https://wordpress.com/wp-content/uploads/1234/56/image-3.jpg\\"/></a></figure></li></ul></div>
<!-- /wp:coblocks/gallery-stacked -->"
`;

exports[`Tests for coblocks/gallery-stacked should have figcaption element with captions enabled and caption text. 1`] = `
"<!-- wp:coblocks/gallery-stacked {\\"captions\\":true} -->
<div class=\\"wp-block-coblocks-gallery-stacked\\"><ul class=\\"coblocks-gallery has-no-alignment has-fullwidth-images\\"><li class=\\"coblocks-gallery--item\\"><figure class=\\"coblocks-gallery--figure\\"><img class=\\"wp-image-1 has-shadow-none\\" data-id=\\"1\\" src=\\"https://wordpress.com/wp-content/uploads/1234/56/image-1.jpg\\"/></figure></li><li class=\\"coblocks-gallery--item\\"><figure class=\\"coblocks-gallery--figure\\"><img class=\\"wp-image-2 has-shadow-none\\" data-id=\\"2\\" src=\\"https://wordpress.com/wp-content/uploads/1234/56/image-2.jpg\\"/></figure></li><li class=\\"coblocks-gallery--item\\"><figure class=\\"coblocks-gallery--figure\\"><img class=\\"has-shadow-none\\" src=\\"https://wordpress.com/wp-content/uploads/1234/56/image-3.jpg\\"/></figure></li><li class=\\"coblocks-gallery--item\\"><figure class=\\"coblocks-gallery--figure\\"><img class=\\"wp-image-3 has-shadow-none\\" data-id=\\"3\\" src=\\"https://wordpress.com/wp-content/uploads/1234/56/image-3.jpg\\"/><figcaption class=\\"coblocks-gallery--caption\\">test caption</figcaption></figure></li></ul></div>
<!-- /wp:coblocks/gallery-stacked -->"
`;

exports[`Tests for coblocks/gallery-stacked should have media link when linkTo is set to "media" 1`] = `
"<!-- wp:coblocks/gallery-stacked {\\"linkTo\\":\\"media\\"} -->
<div class=\\"wp-block-coblocks-gallery-stacked\\"><ul class=\\"coblocks-gallery has-no-alignment has-fullwidth-images\\"><li class=\\"coblocks-gallery--item\\"><figure class=\\"coblocks-gallery--figure\\"><a href=\\"https://wordpress.com/wp-content/uploads/1234/56/image-1.jpg\\"><img class=\\"wp-image-1 has-shadow-none\\" data-id=\\"1\\" src=\\"https://wordpress.com/wp-content/uploads/1234/56/image-1.jpg\\"/></a></figure></li><li class=\\"coblocks-gallery--item\\"><figure class=\\"coblocks-gallery--figure\\"><a href=\\"https://wordpress.com/wp-content/uploads/1234/56/image-2.jpg\\"><img class=\\"wp-image-2 has-shadow-none\\" data-id=\\"2\\" src=\\"https://wordpress.com/wp-content/uploads/1234/56/image-2.jpg\\"/></a></figure></li><li class=\\"coblocks-gallery--item\\"><figure class=\\"coblocks-gallery--figure\\"><a href=\\"https://wordpress.com/wp-content/uploads/1234/56/image-3.jpg\\"><img class=\\"has-shadow-none\\" src=\\"https://wordpress.com/wp-content/uploads/1234/56/image-3.jpg\\"/></a></figure></li><li class=\\"coblocks-gallery--item\\"><figure class=\\"coblocks-gallery--figure\\"><a href=\\"https://wordpress.com/wp-content/uploads/1234/56/image-3.jpg\\"><img class=\\"wp-image-3 has-shadow-none\\" data-id=\\"3\\" src=\\"https://wordpress.com/wp-content/uploads/1234/56/image-3.jpg\\"/></a></figure></li></ul></div>
<!-- /wp:coblocks/gallery-stacked -->"
`;

exports[`Tests for coblocks/gallery-stacked should render with images 1`] = `
"<!-- wp:coblocks/gallery-stacked -->
<div class=\\"wp-block-coblocks-gallery-stacked\\"><ul class=\\"coblocks-gallery has-no-alignment has-fullwidth-images\\"><li class=\\"coblocks-gallery--item\\"><figure class=\\"coblocks-gallery--figure\\"><img class=\\"wp-image-1 has-shadow-none\\" data-id=\\"1\\" src=\\"https://wordpress.com/wp-content/uploads/1234/56/image-1.jpg\\"/></figure></li><li class=\\"coblocks-gallery--item\\"><figure class=\\"coblocks-gallery--figure\\"><img class=\\"wp-image-2 has-shadow-none\\" data-id=\\"2\\" src=\\"https://wordpress.com/wp-content/uploads/1234/56/image-2.jpg\\"/></figure></li><li class=\\"coblocks-gallery--item\\"><figure class=\\"coblocks-gallery--figure\\"><img class=\\"has-shadow-none\\" src=\\"https://wordpress.com/wp-content/uploads/1234/56/image-3.jpg\\"/></figure></li></ul></div>
<!-- /wp:coblocks/gallery-stacked -->"
`;
