// Jest Snapshot v1, https://goo.gl/fbAQLP

exports[`coblocks/field-hidden should render 1`] = `"<!-- wp:coblocks/field-hidden /-->"`;
