// Jest Snapshot v1, https://goo.gl/fbAQLP

exports[`coblocks/gallery-carousel should have 'autoPlay' property set in the data-flickity attribute when autoPlay enabled. 1`] = `
"<!-- wp:coblocks/gallery-carousel {\\"autoPlay\\":true} -->
<div aria-label=\\"Carousel Gallery\\" class=\\"wp-block-coblocks-gallery-carousel\\"><div class=\\"coblocks-gallery-carousel-swiper-container is-cropped coblocks-gallery has-no-alignment has-caption-style-dark has-horizontal-gutter has-no-thumbnails\\"><div class=\\"has-carousel has-carousel-lrg swiper-container\\" data-swiper=\\"{&quot;alignCells&quot;:false,&quot;autoPlay&quot;:true,&quot;autoPlaySpeed&quot;:3000,&quot;draggable&quot;:true,&quot;freeMode&quot;:false,&quot;loop&quot;:false,&quot;navigation&quot;:true,&quot;pageDots&quot;:false,&quot;pauseHover&quot;:false,&quot;responsiveHeight&quot;:false,&quot;slidesPerView&quot;:2,&quot;thumbnails&quot;:false,&quot;uuid&quot;:&quot;12345&quot;}\\" style=\\"height:400px\\"><div class=\\"swiper-wrapper\\"><div class=\\"swiper-slide\\"><div class=\\"coblocks-gallery--item\\" role=\\"button\\" tabindex=\\"0\\"><figure class=\\"coblocks-gallery--figure has-margin-left-5 has-margin-left-mobile-5 has-margin-right-5 has-margin-right-mobile-5\\"><img class=\\"wp-image-1\\" data-id=\\"1\\" src=\\"https://wordpress.com/wp-content/uploads/1234/56/image-1.jpg\\"/></figure><figcaption class=\\"coblocks-gallery--caption coblocks-gallery--primary-caption\\"></figcaption></div></div><div class=\\"swiper-slide\\"><div class=\\"coblocks-gallery--item\\" role=\\"button\\" tabindex=\\"1\\"><figure class=\\"coblocks-gallery--figure has-margin-left-5 has-margin-left-mobile-5 has-margin-right-5 has-margin-right-mobile-5\\"><img class=\\"wp-image-2\\" data-id=\\"2\\" src=\\"https://wordpress.com/wp-content/uploads/1234/56/image-2.jpg\\"/></figure><figcaption class=\\"coblocks-gallery--caption coblocks-gallery--primary-caption\\"></figcaption></div></div></div><button class=\\"nav-button__prev\\" id=\\"12345-prev\\"><svg class=\\"icon\\" style=\\"transform:rotate(180deg)\\"></svg></button><button class=\\"nav-button__next\\" id=\\"12345-next\\"><svg class=\\"icon\\"></svg></button></div></div></div>
<!-- /wp:coblocks/gallery-carousel -->"
`;

exports[`coblocks/gallery-carousel should have 'draggable' property set in the data-swiper attribute when draggable enabled. 1`] = `
"<!-- wp:coblocks/gallery-carousel {\\"draggable\\":false} -->
<div aria-label=\\"Carousel Gallery\\" class=\\"wp-block-coblocks-gallery-carousel\\"><div class=\\"coblocks-gallery-carousel-swiper-container is-cropped coblocks-gallery has-no-alignment has-caption-style-dark has-horizontal-gutter has-no-thumbnails\\"><div class=\\"has-carousel has-carousel-lrg swiper-container\\" data-swiper=\\"{&quot;alignCells&quot;:false,&quot;autoPlay&quot;:false,&quot;autoPlaySpeed&quot;:3000,&quot;draggable&quot;:false,&quot;freeMode&quot;:false,&quot;loop&quot;:false,&quot;navigation&quot;:true,&quot;pageDots&quot;:false,&quot;pauseHover&quot;:false,&quot;responsiveHeight&quot;:false,&quot;slidesPerView&quot;:2,&quot;thumbnails&quot;:false,&quot;uuid&quot;:&quot;12345&quot;}\\" style=\\"height:400px\\"><div class=\\"swiper-wrapper\\"><div class=\\"swiper-slide\\"><div class=\\"coblocks-gallery--item\\" role=\\"button\\" tabindex=\\"0\\"><figure class=\\"coblocks-gallery--figure has-margin-left-5 has-margin-left-mobile-5 has-margin-right-5 has-margin-right-mobile-5\\"><img class=\\"wp-image-1\\" data-id=\\"1\\" src=\\"https://wordpress.com/wp-content/uploads/1234/56/image-1.jpg\\"/></figure><figcaption class=\\"coblocks-gallery--caption coblocks-gallery--primary-caption\\"></figcaption></div></div><div class=\\"swiper-slide\\"><div class=\\"coblocks-gallery--item\\" role=\\"button\\" tabindex=\\"1\\"><figure class=\\"coblocks-gallery--figure has-margin-left-5 has-margin-left-mobile-5 has-margin-right-5 has-margin-right-mobile-5\\"><img class=\\"wp-image-2\\" data-id=\\"2\\" src=\\"https://wordpress.com/wp-content/uploads/1234/56/image-2.jpg\\"/></figure><figcaption class=\\"coblocks-gallery--caption coblocks-gallery--primary-caption\\"></figcaption></div></div></div><button class=\\"nav-button__prev\\" id=\\"12345-prev\\"><svg class=\\"icon\\" style=\\"transform:rotate(180deg)\\"></svg></button><button class=\\"nav-button__next\\" id=\\"12345-next\\"><svg class=\\"icon\\"></svg></button></div></div></div>
<!-- /wp:coblocks/gallery-carousel -->"
`;

exports[`coblocks/gallery-carousel should have 'height' property within the 'style' attribute with the height attribute set. 1`] = `
"<!-- wp:coblocks/gallery-carousel {\\"height\\":500} -->
<div aria-label=\\"Carousel Gallery\\" class=\\"wp-block-coblocks-gallery-carousel\\"><div class=\\"coblocks-gallery-carousel-swiper-container is-cropped coblocks-gallery has-no-alignment has-caption-style-dark has-horizontal-gutter has-no-thumbnails\\"><div class=\\"has-carousel has-carousel-lrg swiper-container\\" data-swiper=\\"{&quot;alignCells&quot;:false,&quot;autoPlay&quot;:false,&quot;autoPlaySpeed&quot;:3000,&quot;draggable&quot;:true,&quot;freeMode&quot;:false,&quot;loop&quot;:false,&quot;navigation&quot;:true,&quot;pageDots&quot;:false,&quot;pauseHover&quot;:false,&quot;responsiveHeight&quot;:false,&quot;slidesPerView&quot;:2,&quot;thumbnails&quot;:false,&quot;uuid&quot;:&quot;12345&quot;}\\" style=\\"height:500px\\"><div class=\\"swiper-wrapper\\"><div class=\\"swiper-slide\\"><div class=\\"coblocks-gallery--item\\" role=\\"button\\" tabindex=\\"0\\"><figure class=\\"coblocks-gallery--figure has-margin-left-5 has-margin-left-mobile-5 has-margin-right-5 has-margin-right-mobile-5\\"><img class=\\"wp-image-1\\" data-id=\\"1\\" src=\\"https://wordpress.com/wp-content/uploads/1234/56/image-1.jpg\\"/></figure><figcaption class=\\"coblocks-gallery--caption coblocks-gallery--primary-caption\\"></figcaption></div></div><div class=\\"swiper-slide\\"><div class=\\"coblocks-gallery--item\\" role=\\"button\\" tabindex=\\"1\\"><figure class=\\"coblocks-gallery--figure has-margin-left-5 has-margin-left-mobile-5 has-margin-right-5 has-margin-right-mobile-5\\"><img class=\\"wp-image-2\\" data-id=\\"2\\" src=\\"https://wordpress.com/wp-content/uploads/1234/56/image-2.jpg\\"/></figure><figcaption class=\\"coblocks-gallery--caption coblocks-gallery--primary-caption\\"></figcaption></div></div></div><button class=\\"nav-button__prev\\" id=\\"12345-prev\\"><svg class=\\"icon\\" style=\\"transform:rotate(180deg)\\"></svg></button><button class=\\"nav-button__next\\" id=\\"12345-next\\"><svg class=\\"icon\\"></svg></button></div></div></div>
<!-- /wp:coblocks/gallery-carousel -->"
`;

exports[`coblocks/gallery-carousel should have 'pageDots' property set in the data-flickity attribute when pageDots enabled. 1`] = `
"<!-- wp:coblocks/gallery-carousel {\\"pageDots\\":true} -->
<div aria-label=\\"Carousel Gallery\\" class=\\"wp-block-coblocks-gallery-carousel\\"><div class=\\"coblocks-gallery-carousel-swiper-container is-cropped coblocks-gallery has-no-alignment has-caption-style-dark has-horizontal-gutter has-no-thumbnails\\"><div class=\\"has-carousel has-carousel-lrg swiper-container\\" data-swiper=\\"{&quot;alignCells&quot;:false,&quot;autoPlay&quot;:false,&quot;autoPlaySpeed&quot;:3000,&quot;draggable&quot;:true,&quot;freeMode&quot;:false,&quot;loop&quot;:false,&quot;navigation&quot;:true,&quot;pageDots&quot;:true,&quot;pauseHover&quot;:false,&quot;responsiveHeight&quot;:false,&quot;slidesPerView&quot;:2,&quot;thumbnails&quot;:false,&quot;uuid&quot;:&quot;12345&quot;}\\" style=\\"height:400px\\"><div class=\\"swiper-wrapper\\"><div class=\\"swiper-slide\\"><div class=\\"coblocks-gallery--item\\" role=\\"button\\" tabindex=\\"0\\"><figure class=\\"coblocks-gallery--figure has-margin-left-5 has-margin-left-mobile-5 has-margin-right-5 has-margin-right-mobile-5\\"><img class=\\"wp-image-1\\" data-id=\\"1\\" src=\\"https://wordpress.com/wp-content/uploads/1234/56/image-1.jpg\\"/></figure><figcaption class=\\"coblocks-gallery--caption coblocks-gallery--primary-caption\\"></figcaption></div></div><div class=\\"swiper-slide\\"><div class=\\"coblocks-gallery--item\\" role=\\"button\\" tabindex=\\"1\\"><figure class=\\"coblocks-gallery--figure has-margin-left-5 has-margin-left-mobile-5 has-margin-right-5 has-margin-right-mobile-5\\"><img class=\\"wp-image-2\\" data-id=\\"2\\" src=\\"https://wordpress.com/wp-content/uploads/1234/56/image-2.jpg\\"/></figure><figcaption class=\\"coblocks-gallery--caption coblocks-gallery--primary-caption\\"></figcaption></div></div></div><button class=\\"nav-button__prev\\" id=\\"12345-prev\\"><svg class=\\"icon\\" style=\\"transform:rotate(180deg)\\"></svg></button><button class=\\"nav-button__next\\" id=\\"12345-next\\"><svg class=\\"icon\\"></svg></button></div><div class=\\"wp-block-coblocks-gallery-carousel-page-dot-pagination-container\\"><div class=\\"wp-block-coblocks-gallery-carousel-page-dot-wrapper\\"><button aria-label=\\"view image 1 of 2 in carousel\\" class=\\"wp-block-coblocks-gallery-carousel-page-dot-pagination\\"></button><button aria-label=\\"view image 2 of 2 in carousel\\" class=\\"wp-block-coblocks-gallery-carousel-page-dot-pagination\\"></button></div></div></div></div>
<!-- /wp:coblocks/gallery-carousel -->"
`;

exports[`coblocks/gallery-carousel should have className 'has-aligned-cells' with alignCells enabled. 1`] = `
"<!-- wp:coblocks/gallery-carousel {\\"alignCells\\":true} -->
<div aria-label=\\"Carousel Gallery\\" class=\\"wp-block-coblocks-gallery-carousel\\"><div class=\\"coblocks-gallery-carousel-swiper-container is-cropped coblocks-gallery has-no-alignment has-caption-style-dark has-horizontal-gutter has-no-thumbnails\\"><div class=\\"has-carousel has-carousel-lrg swiper-container has-aligned-cells\\" data-swiper=\\"{&quot;alignCells&quot;:true,&quot;autoPlay&quot;:false,&quot;autoPlaySpeed&quot;:3000,&quot;draggable&quot;:true,&quot;freeMode&quot;:false,&quot;loop&quot;:false,&quot;navigation&quot;:true,&quot;pageDots&quot;:false,&quot;pauseHover&quot;:false,&quot;responsiveHeight&quot;:false,&quot;slidesPerView&quot;:2,&quot;thumbnails&quot;:false,&quot;uuid&quot;:&quot;12345&quot;}\\" style=\\"height:400px\\"><div class=\\"swiper-wrapper\\"><div class=\\"swiper-slide\\"><div class=\\"coblocks-gallery--item\\" role=\\"button\\" tabindex=\\"0\\"><figure class=\\"coblocks-gallery--figure has-margin-left-5 has-margin-left-mobile-5 has-margin-right-5 has-margin-right-mobile-5\\"><img class=\\"wp-image-1\\" data-id=\\"1\\" src=\\"https://wordpress.com/wp-content/uploads/1234/56/image-1.jpg\\"/></figure><figcaption class=\\"coblocks-gallery--caption coblocks-gallery--primary-caption\\"></figcaption></div></div><div class=\\"swiper-slide\\"><div class=\\"coblocks-gallery--item\\" role=\\"button\\" tabindex=\\"1\\"><figure class=\\"coblocks-gallery--figure has-margin-left-5 has-margin-left-mobile-5 has-margin-right-5 has-margin-right-mobile-5\\"><img class=\\"wp-image-2\\" data-id=\\"2\\" src=\\"https://wordpress.com/wp-content/uploads/1234/56/image-2.jpg\\"/></figure><figcaption class=\\"coblocks-gallery--caption coblocks-gallery--primary-caption\\"></figcaption></div></div></div><button class=\\"nav-button__prev\\" id=\\"12345-prev\\"><svg class=\\"icon\\" style=\\"transform:rotate(180deg)\\"></svg></button><button class=\\"nav-button__next\\" id=\\"12345-next\\"><svg class=\\"icon\\"></svg></button></div></div></div>
<!-- /wp:coblocks/gallery-carousel -->"
`;

exports[`coblocks/gallery-carousel should have className 'has-carousel-large' with gridSize set to 'large'. 1`] = `
"<!-- wp:coblocks/gallery-carousel {\\"gridSize\\":\\"large\\"} -->
<div aria-label=\\"Carousel Gallery\\" class=\\"wp-block-coblocks-gallery-carousel\\"><div class=\\"coblocks-gallery-carousel-swiper-container is-cropped coblocks-gallery has-no-alignment has-caption-style-dark has-horizontal-gutter has-no-thumbnails\\"><div class=\\"has-carousel has-carousel-large swiper-container\\" data-swiper=\\"{&quot;alignCells&quot;:false,&quot;autoPlay&quot;:false,&quot;autoPlaySpeed&quot;:3000,&quot;draggable&quot;:true,&quot;freeMode&quot;:false,&quot;loop&quot;:false,&quot;navigation&quot;:true,&quot;pageDots&quot;:false,&quot;pauseHover&quot;:false,&quot;responsiveHeight&quot;:false,&quot;thumbnails&quot;:false,&quot;uuid&quot;:&quot;12345&quot;}\\" style=\\"height:400px\\"><div class=\\"swiper-wrapper\\"><div class=\\"swiper-slide\\"><div class=\\"coblocks-gallery--item\\" role=\\"button\\" tabindex=\\"0\\"><figure class=\\"coblocks-gallery--figure has-margin-left-5 has-margin-left-mobile-5 has-margin-right-5 has-margin-right-mobile-5\\"><img class=\\"wp-image-1\\" data-id=\\"1\\" src=\\"https://wordpress.com/wp-content/uploads/1234/56/image-1.jpg\\"/></figure><figcaption class=\\"coblocks-gallery--caption coblocks-gallery--primary-caption\\"></figcaption></div></div><div class=\\"swiper-slide\\"><div class=\\"coblocks-gallery--item\\" role=\\"button\\" tabindex=\\"1\\"><figure class=\\"coblocks-gallery--figure has-margin-left-5 has-margin-left-mobile-5 has-margin-right-5 has-margin-right-mobile-5\\"><img class=\\"wp-image-2\\" data-id=\\"2\\" src=\\"https://wordpress.com/wp-content/uploads/1234/56/image-2.jpg\\"/></figure><figcaption class=\\"coblocks-gallery--caption coblocks-gallery--primary-caption\\"></figcaption></div></div></div><button class=\\"nav-button__prev\\" id=\\"12345-prev\\"><svg class=\\"icon\\" style=\\"transform:rotate(180deg)\\"></svg></button><button class=\\"nav-button__next\\" id=\\"12345-next\\"><svg class=\\"icon\\"></svg></button></div></div></div>
<!-- /wp:coblocks/gallery-carousel -->"
`;

exports[`coblocks/gallery-carousel should have className 'has-carousel-xlarge' with gridSize set to 'xlarge'. 1`] = `
"<!-- wp:coblocks/gallery-carousel {\\"gridSize\\":\\"xlarge\\"} -->
<div aria-label=\\"Carousel Gallery\\" class=\\"wp-block-coblocks-gallery-carousel\\"><div class=\\"coblocks-gallery-carousel-swiper-container is-cropped coblocks-gallery has-no-alignment has-caption-style-dark has-horizontal-gutter has-no-thumbnails\\"><div class=\\"has-carousel has-carousel-xlarge swiper-container\\" data-swiper=\\"{&quot;alignCells&quot;:false,&quot;autoPlay&quot;:false,&quot;autoPlaySpeed&quot;:3000,&quot;draggable&quot;:true,&quot;freeMode&quot;:false,&quot;loop&quot;:false,&quot;navigation&quot;:true,&quot;pageDots&quot;:false,&quot;pauseHover&quot;:false,&quot;responsiveHeight&quot;:false,&quot;thumbnails&quot;:false,&quot;uuid&quot;:&quot;12345&quot;}\\" style=\\"height:400px\\"><div class=\\"swiper-wrapper\\"><div class=\\"swiper-slide\\"><div class=\\"coblocks-gallery--item\\" role=\\"button\\" tabindex=\\"0\\"><figure class=\\"coblocks-gallery--figure has-margin-left-5 has-margin-left-mobile-5 has-margin-right-5 has-margin-right-mobile-5\\"><img class=\\"wp-image-1\\" data-id=\\"1\\" src=\\"https://wordpress.com/wp-content/uploads/1234/56/image-1.jpg\\"/></figure><figcaption class=\\"coblocks-gallery--caption coblocks-gallery--primary-caption\\"></figcaption></div></div><div class=\\"swiper-slide\\"><div class=\\"coblocks-gallery--item\\" role=\\"button\\" tabindex=\\"1\\"><figure class=\\"coblocks-gallery--figure has-margin-left-5 has-margin-left-mobile-5 has-margin-right-5 has-margin-right-mobile-5\\"><img class=\\"wp-image-2\\" data-id=\\"2\\" src=\\"https://wordpress.com/wp-content/uploads/1234/56/image-2.jpg\\"/></figure><figcaption class=\\"coblocks-gallery--caption coblocks-gallery--primary-caption\\"></figcaption></div></div></div><button class=\\"nav-button__prev\\" id=\\"12345-prev\\"><svg class=\\"icon\\" style=\\"transform:rotate(180deg)\\"></svg></button><button class=\\"nav-button__next\\" id=\\"12345-next\\"><svg class=\\"icon\\"></svg></button></div></div></div>
<!-- /wp:coblocks/gallery-carousel -->"
`;

exports[`coblocks/gallery-carousel should have className 'has-filter-dim' with filter set to 'dim'. 1`] = `
"<!-- wp:coblocks/gallery-carousel {\\"filter\\":\\"dim\\"} -->
<div aria-label=\\"Carousel Gallery\\" class=\\"wp-block-coblocks-gallery-carousel\\"><div class=\\"coblocks-gallery-carousel-swiper-container is-cropped coblocks-gallery has-no-alignment has-filter-dim has-caption-style-dark has-horizontal-gutter has-no-thumbnails\\"><div class=\\"has-carousel has-carousel-lrg swiper-container\\" data-swiper=\\"{&quot;alignCells&quot;:false,&quot;autoPlay&quot;:false,&quot;autoPlaySpeed&quot;:3000,&quot;draggable&quot;:true,&quot;freeMode&quot;:false,&quot;loop&quot;:false,&quot;navigation&quot;:true,&quot;pageDots&quot;:false,&quot;pauseHover&quot;:false,&quot;responsiveHeight&quot;:false,&quot;slidesPerView&quot;:2,&quot;thumbnails&quot;:false,&quot;uuid&quot;:&quot;12345&quot;}\\" style=\\"height:400px\\"><div class=\\"swiper-wrapper\\"><div class=\\"swiper-slide\\"><div class=\\"coblocks-gallery--item\\" role=\\"button\\" tabindex=\\"0\\"><figure class=\\"coblocks-gallery--figure has-margin-left-5 has-margin-left-mobile-5 has-margin-right-5 has-margin-right-mobile-5\\"><img class=\\"wp-image-1\\" data-id=\\"1\\" src=\\"https://wordpress.com/wp-content/uploads/1234/56/image-1.jpg\\"/></figure><figcaption class=\\"coblocks-gallery--caption coblocks-gallery--primary-caption\\"></figcaption></div></div><div class=\\"swiper-slide\\"><div class=\\"coblocks-gallery--item\\" role=\\"button\\" tabindex=\\"1\\"><figure class=\\"coblocks-gallery--figure has-margin-left-5 has-margin-left-mobile-5 has-margin-right-5 has-margin-right-mobile-5\\"><img class=\\"wp-image-2\\" data-id=\\"2\\" src=\\"https://wordpress.com/wp-content/uploads/1234/56/image-2.jpg\\"/></figure><figcaption class=\\"coblocks-gallery--caption coblocks-gallery--primary-caption\\"></figcaption></div></div></div><button class=\\"nav-button__prev\\" id=\\"12345-prev\\"><svg class=\\"icon\\" style=\\"transform:rotate(180deg)\\"></svg></button><button class=\\"nav-button__next\\" id=\\"12345-next\\"><svg class=\\"icon\\"></svg></button></div></div></div>
<!-- /wp:coblocks/gallery-carousel -->"
`;

exports[`coblocks/gallery-carousel should have className 'has-filter-grayscale' with filter set to 'grayscale'. 1`] = `
"<!-- wp:coblocks/gallery-carousel {\\"filter\\":\\"grayscale\\"} -->
<div aria-label=\\"Carousel Gallery\\" class=\\"wp-block-coblocks-gallery-carousel\\"><div class=\\"coblocks-gallery-carousel-swiper-container is-cropped coblocks-gallery has-no-alignment has-filter-grayscale has-caption-style-dark has-horizontal-gutter has-no-thumbnails\\"><div class=\\"has-carousel has-carousel-lrg swiper-container\\" data-swiper=\\"{&quot;alignCells&quot;:false,&quot;autoPlay&quot;:false,&quot;autoPlaySpeed&quot;:3000,&quot;draggable&quot;:true,&quot;freeMode&quot;:false,&quot;loop&quot;:false,&quot;navigation&quot;:true,&quot;pageDots&quot;:false,&quot;pauseHover&quot;:false,&quot;responsiveHeight&quot;:false,&quot;slidesPerView&quot;:2,&quot;thumbnails&quot;:false,&quot;uuid&quot;:&quot;12345&quot;}\\" style=\\"height:400px\\"><div class=\\"swiper-wrapper\\"><div class=\\"swiper-slide\\"><div class=\\"coblocks-gallery--item\\" role=\\"button\\" tabindex=\\"0\\"><figure class=\\"coblocks-gallery--figure has-margin-left-5 has-margin-left-mobile-5 has-margin-right-5 has-margin-right-mobile-5\\"><img class=\\"wp-image-1\\" data-id=\\"1\\" src=\\"https://wordpress.com/wp-content/uploads/1234/56/image-1.jpg\\"/></figure><figcaption class=\\"coblocks-gallery--caption coblocks-gallery--primary-caption\\"></figcaption></div></div><div class=\\"swiper-slide\\"><div class=\\"coblocks-gallery--item\\" role=\\"button\\" tabindex=\\"1\\"><figure class=\\"coblocks-gallery--figure has-margin-left-5 has-margin-left-mobile-5 has-margin-right-5 has-margin-right-mobile-5\\"><img class=\\"wp-image-2\\" data-id=\\"2\\" src=\\"https://wordpress.com/wp-content/uploads/1234/56/image-2.jpg\\"/></figure><figcaption class=\\"coblocks-gallery--caption coblocks-gallery--primary-caption\\"></figcaption></div></div></div><button class=\\"nav-button__prev\\" id=\\"12345-prev\\"><svg class=\\"icon\\" style=\\"transform:rotate(180deg)\\"></svg></button><button class=\\"nav-button__next\\" id=\\"12345-next\\"><svg class=\\"icon\\"></svg></button></div></div></div>
<!-- /wp:coblocks/gallery-carousel -->"
`;

exports[`coblocks/gallery-carousel should have className 'has-filter-saturation' with filter set to 'saturation'. 1`] = `
"<!-- wp:coblocks/gallery-carousel {\\"filter\\":\\"saturation\\"} -->
<div aria-label=\\"Carousel Gallery\\" class=\\"wp-block-coblocks-gallery-carousel\\"><div class=\\"coblocks-gallery-carousel-swiper-container is-cropped coblocks-gallery has-no-alignment has-filter-saturation has-caption-style-dark has-horizontal-gutter has-no-thumbnails\\"><div class=\\"has-carousel has-carousel-lrg swiper-container\\" data-swiper=\\"{&quot;alignCells&quot;:false,&quot;autoPlay&quot;:false,&quot;autoPlaySpeed&quot;:3000,&quot;draggable&quot;:true,&quot;freeMode&quot;:false,&quot;loop&quot;:false,&quot;navigation&quot;:true,&quot;pageDots&quot;:false,&quot;pauseHover&quot;:false,&quot;responsiveHeight&quot;:false,&quot;slidesPerView&quot;:2,&quot;thumbnails&quot;:false,&quot;uuid&quot;:&quot;12345&quot;}\\" style=\\"height:400px\\"><div class=\\"swiper-wrapper\\"><div class=\\"swiper-slide\\"><div class=\\"coblocks-gallery--item\\" role=\\"button\\" tabindex=\\"0\\"><figure class=\\"coblocks-gallery--figure has-margin-left-5 has-margin-left-mobile-5 has-margin-right-5 has-margin-right-mobile-5\\"><img class=\\"wp-image-1\\" data-id=\\"1\\" src=\\"https://wordpress.com/wp-content/uploads/1234/56/image-1.jpg\\"/></figure><figcaption class=\\"coblocks-gallery--caption coblocks-gallery--primary-caption\\"></figcaption></div></div><div class=\\"swiper-slide\\"><div class=\\"coblocks-gallery--item\\" role=\\"button\\" tabindex=\\"1\\"><figure class=\\"coblocks-gallery--figure has-margin-left-5 has-margin-left-mobile-5 has-margin-right-5 has-margin-right-mobile-5\\"><img class=\\"wp-image-2\\" data-id=\\"2\\" src=\\"https://wordpress.com/wp-content/uploads/1234/56/image-2.jpg\\"/></figure><figcaption class=\\"coblocks-gallery--caption coblocks-gallery--primary-caption\\"></figcaption></div></div></div><button class=\\"nav-button__prev\\" id=\\"12345-prev\\"><svg class=\\"icon\\" style=\\"transform:rotate(180deg)\\"></svg></button><button class=\\"nav-button__next\\" id=\\"12345-next\\"><svg class=\\"icon\\"></svg></button></div></div></div>
<!-- /wp:coblocks/gallery-carousel -->"
`;

exports[`coblocks/gallery-carousel should have className 'has-filter-sepia' with filter set to 'sepia'. 1`] = `
"<!-- wp:coblocks/gallery-carousel {\\"filter\\":\\"sepia\\"} -->
<div aria-label=\\"Carousel Gallery\\" class=\\"wp-block-coblocks-gallery-carousel\\"><div class=\\"coblocks-gallery-carousel-swiper-container is-cropped coblocks-gallery has-no-alignment has-filter-sepia has-caption-style-dark has-horizontal-gutter has-no-thumbnails\\"><div class=\\"has-carousel has-carousel-lrg swiper-container\\" data-swiper=\\"{&quot;alignCells&quot;:false,&quot;autoPlay&quot;:false,&quot;autoPlaySpeed&quot;:3000,&quot;draggable&quot;:true,&quot;freeMode&quot;:false,&quot;loop&quot;:false,&quot;navigation&quot;:true,&quot;pageDots&quot;:false,&quot;pauseHover&quot;:false,&quot;responsiveHeight&quot;:false,&quot;slidesPerView&quot;:2,&quot;thumbnails&quot;:false,&quot;uuid&quot;:&quot;12345&quot;}\\" style=\\"height:400px\\"><div class=\\"swiper-wrapper\\"><div class=\\"swiper-slide\\"><div class=\\"coblocks-gallery--item\\" role=\\"button\\" tabindex=\\"0\\"><figure class=\\"coblocks-gallery--figure has-margin-left-5 has-margin-left-mobile-5 has-margin-right-5 has-margin-right-mobile-5\\"><img class=\\"wp-image-1\\" data-id=\\"1\\" src=\\"https://wordpress.com/wp-content/uploads/1234/56/image-1.jpg\\"/></figure><figcaption class=\\"coblocks-gallery--caption coblocks-gallery--primary-caption\\"></figcaption></div></div><div class=\\"swiper-slide\\"><div class=\\"coblocks-gallery--item\\" role=\\"button\\" tabindex=\\"1\\"><figure class=\\"coblocks-gallery--figure has-margin-left-5 has-margin-left-mobile-5 has-margin-right-5 has-margin-right-mobile-5\\"><img class=\\"wp-image-2\\" data-id=\\"2\\" src=\\"https://wordpress.com/wp-content/uploads/1234/56/image-2.jpg\\"/></figure><figcaption class=\\"coblocks-gallery--caption coblocks-gallery--primary-caption\\"></figcaption></div></div></div><button class=\\"nav-button__prev\\" id=\\"12345-prev\\"><svg class=\\"icon\\" style=\\"transform:rotate(180deg)\\"></svg></button><button class=\\"nav-button__next\\" id=\\"12345-next\\"><svg class=\\"icon\\"></svg></button></div></div></div>
<!-- /wp:coblocks/gallery-carousel -->"
`;

exports[`coblocks/gallery-carousel should have className 'has-filter-vintage' with filter set to 'vintage'. 1`] = `
"<!-- wp:coblocks/gallery-carousel {\\"filter\\":\\"vintage\\"} -->
<div aria-label=\\"Carousel Gallery\\" class=\\"wp-block-coblocks-gallery-carousel\\"><div class=\\"coblocks-gallery-carousel-swiper-container is-cropped coblocks-gallery has-no-alignment has-filter-vintage has-caption-style-dark has-horizontal-gutter has-no-thumbnails\\"><div class=\\"has-carousel has-carousel-lrg swiper-container\\" data-swiper=\\"{&quot;alignCells&quot;:false,&quot;autoPlay&quot;:false,&quot;autoPlaySpeed&quot;:3000,&quot;draggable&quot;:true,&quot;freeMode&quot;:false,&quot;loop&quot;:false,&quot;navigation&quot;:true,&quot;pageDots&quot;:false,&quot;pauseHover&quot;:false,&quot;responsiveHeight&quot;:false,&quot;slidesPerView&quot;:2,&quot;thumbnails&quot;:false,&quot;uuid&quot;:&quot;12345&quot;}\\" style=\\"height:400px\\"><div class=\\"swiper-wrapper\\"><div class=\\"swiper-slide\\"><div class=\\"coblocks-gallery--item\\" role=\\"button\\" tabindex=\\"0\\"><figure class=\\"coblocks-gallery--figure has-margin-left-5 has-margin-left-mobile-5 has-margin-right-5 has-margin-right-mobile-5\\"><img class=\\"wp-image-1\\" data-id=\\"1\\" src=\\"https://wordpress.com/wp-content/uploads/1234/56/image-1.jpg\\"/></figure><figcaption class=\\"coblocks-gallery--caption coblocks-gallery--primary-caption\\"></figcaption></div></div><div class=\\"swiper-slide\\"><div class=\\"coblocks-gallery--item\\" role=\\"button\\" tabindex=\\"1\\"><figure class=\\"coblocks-gallery--figure has-margin-left-5 has-margin-left-mobile-5 has-margin-right-5 has-margin-right-mobile-5\\"><img class=\\"wp-image-2\\" data-id=\\"2\\" src=\\"https://wordpress.com/wp-content/uploads/1234/56/image-2.jpg\\"/></figure><figcaption class=\\"coblocks-gallery--caption coblocks-gallery--primary-caption\\"></figcaption></div></div></div><button class=\\"nav-button__prev\\" id=\\"12345-prev\\"><svg class=\\"icon\\" style=\\"transform:rotate(180deg)\\"></svg></button><button class=\\"nav-button__next\\" id=\\"12345-next\\"><svg class=\\"icon\\"></svg></button></div></div></div>
<!-- /wp:coblocks/gallery-carousel -->"
`;

exports[`coblocks/gallery-carousel should have className 'has-lightbox' with lightbox enabled. 1`] = `
"<!-- wp:coblocks/gallery-carousel {\\"lightbox\\":true} -->
<div aria-label=\\"Carousel Gallery\\" class=\\"wp-block-coblocks-gallery-carousel\\"><div class=\\"coblocks-gallery-carousel-swiper-container is-cropped coblocks-gallery has-no-alignment has-caption-style-dark has-horizontal-gutter has-lightbox has-no-thumbnails\\"><div class=\\"has-carousel has-carousel-lrg swiper-container\\" data-swiper=\\"{&quot;alignCells&quot;:false,&quot;autoPlay&quot;:false,&quot;autoPlaySpeed&quot;:3000,&quot;draggable&quot;:true,&quot;freeMode&quot;:false,&quot;loop&quot;:false,&quot;navigation&quot;:true,&quot;pageDots&quot;:false,&quot;pauseHover&quot;:false,&quot;responsiveHeight&quot;:false,&quot;slidesPerView&quot;:2,&quot;thumbnails&quot;:false,&quot;uuid&quot;:&quot;12345&quot;}\\" style=\\"height:400px\\"><div class=\\"swiper-wrapper\\"><div class=\\"swiper-slide\\"><div class=\\"coblocks-gallery--item\\" role=\\"button\\" tabindex=\\"0\\"><figure class=\\"coblocks-gallery--figure has-margin-left-5 has-margin-left-mobile-5 has-margin-right-5 has-margin-right-mobile-5\\"><img class=\\"wp-image-1\\" data-id=\\"1\\" src=\\"https://wordpress.com/wp-content/uploads/1234/56/image-1.jpg\\"/></figure><figcaption class=\\"coblocks-gallery--caption coblocks-gallery--primary-caption\\"></figcaption></div></div><div class=\\"swiper-slide\\"><div class=\\"coblocks-gallery--item\\" role=\\"button\\" tabindex=\\"1\\"><figure class=\\"coblocks-gallery--figure has-margin-left-5 has-margin-left-mobile-5 has-margin-right-5 has-margin-right-mobile-5\\"><img class=\\"wp-image-2\\" data-id=\\"2\\" src=\\"https://wordpress.com/wp-content/uploads/1234/56/image-2.jpg\\"/></figure><figcaption class=\\"coblocks-gallery--caption coblocks-gallery--primary-caption\\"></figcaption></div></div></div><button class=\\"nav-button__prev\\" id=\\"12345-prev\\"><svg class=\\"icon\\" style=\\"transform:rotate(180deg)\\"></svg></button><button class=\\"nav-button__next\\" id=\\"12345-next\\"><svg class=\\"icon\\"></svg></button></div></div></div>
<!-- /wp:coblocks/gallery-carousel -->"
`;

exports[`coblocks/gallery-carousel should have className 'has-responsive-height' with responsiveHeight enabled. 1`] = `
"<!-- wp:coblocks/gallery-carousel {\\"responsiveHeight\\":true} -->
<div aria-label=\\"Carousel Gallery\\" class=\\"wp-block-coblocks-gallery-carousel\\"><div class=\\"coblocks-gallery-carousel-swiper-container is-cropped coblocks-gallery has-no-alignment has-caption-style-dark has-horizontal-gutter has-no-thumbnails\\"><div class=\\"has-carousel has-carousel-lrg swiper-container has-responsive-height\\" data-swiper=\\"{&quot;alignCells&quot;:false,&quot;autoPlay&quot;:false,&quot;autoPlaySpeed&quot;:3000,&quot;draggable&quot;:true,&quot;freeMode&quot;:false,&quot;loop&quot;:false,&quot;navigation&quot;:true,&quot;pageDots&quot;:false,&quot;pauseHover&quot;:false,&quot;responsiveHeight&quot;:true,&quot;slidesPerView&quot;:2,&quot;thumbnails&quot;:false,&quot;uuid&quot;:&quot;12345&quot;}\\" style=\\"height:400px\\"><div class=\\"swiper-wrapper\\"><div class=\\"swiper-slide\\"><div class=\\"coblocks-gallery--item\\" role=\\"button\\" tabindex=\\"0\\"><figure class=\\"coblocks-gallery--figure has-margin-left-5 has-margin-left-mobile-5 has-margin-right-5 has-margin-right-mobile-5\\"><img class=\\"wp-image-1\\" data-id=\\"1\\" src=\\"https://wordpress.com/wp-content/uploads/1234/56/image-1.jpg\\"/></figure><figcaption class=\\"coblocks-gallery--caption coblocks-gallery--primary-caption\\"></figcaption></div></div><div class=\\"swiper-slide\\"><div class=\\"coblocks-gallery--item\\" role=\\"button\\" tabindex=\\"1\\"><figure class=\\"coblocks-gallery--figure has-margin-left-5 has-margin-left-mobile-5 has-margin-right-5 has-margin-right-mobile-5\\"><img class=\\"wp-image-2\\" data-id=\\"2\\" src=\\"https://wordpress.com/wp-content/uploads/1234/56/image-2.jpg\\"/></figure><figcaption class=\\"coblocks-gallery--caption coblocks-gallery--primary-caption\\"></figcaption></div></div></div><button class=\\"nav-button__prev\\" id=\\"12345-prev\\"><svg class=\\"icon\\" style=\\"transform:rotate(180deg)\\"></svg></button><button class=\\"nav-button__next\\" id=\\"12345-next\\"><svg class=\\"icon\\"></svg></button></div></div></div>
<!-- /wp:coblocks/gallery-carousel -->"
`;

exports[`coblocks/gallery-carousel should have navigation swiper setting of '.\${ attributes.navigation }' with arrow navigation buttons enabled 1`] = `
"<!-- wp:coblocks/gallery-carousel -->
<div aria-label=\\"Carousel Gallery\\" class=\\"wp-block-coblocks-gallery-carousel\\"><div class=\\"coblocks-gallery-carousel-swiper-container is-cropped coblocks-gallery has-no-alignment has-caption-style-dark has-horizontal-gutter has-no-thumbnails\\"><div class=\\"has-carousel has-carousel-lrg swiper-container\\" data-swiper=\\"{&quot;alignCells&quot;:false,&quot;autoPlay&quot;:false,&quot;autoPlaySpeed&quot;:3000,&quot;draggable&quot;:true,&quot;freeMode&quot;:false,&quot;loop&quot;:false,&quot;navigation&quot;:true,&quot;pageDots&quot;:false,&quot;pauseHover&quot;:false,&quot;responsiveHeight&quot;:false,&quot;slidesPerView&quot;:2,&quot;thumbnails&quot;:false,&quot;uuid&quot;:&quot;12345&quot;}\\" style=\\"height:400px\\"><div class=\\"swiper-wrapper\\"><div class=\\"swiper-slide\\"><div class=\\"coblocks-gallery--item\\" role=\\"button\\" tabindex=\\"0\\"><figure class=\\"coblocks-gallery--figure has-margin-left-5 has-margin-left-mobile-5 has-margin-right-5 has-margin-right-mobile-5\\"><img class=\\"wp-image-1\\" data-id=\\"1\\" src=\\"https://wordpress.com/wp-content/uploads/1234/56/image-1.jpg\\"/></figure><figcaption class=\\"coblocks-gallery--caption coblocks-gallery--primary-caption\\"></figcaption></div></div><div class=\\"swiper-slide\\"><div class=\\"coblocks-gallery--item\\" role=\\"button\\" tabindex=\\"1\\"><figure class=\\"coblocks-gallery--figure has-margin-left-5 has-margin-left-mobile-5 has-margin-right-5 has-margin-right-mobile-5\\"><img class=\\"wp-image-2\\" data-id=\\"2\\" src=\\"https://wordpress.com/wp-content/uploads/1234/56/image-2.jpg\\"/></figure><figcaption class=\\"coblocks-gallery--caption coblocks-gallery--primary-caption\\"></figcaption></div></div></div><button class=\\"nav-button__prev\\" id=\\"12345-prev\\"><svg class=\\"icon\\" style=\\"transform:rotate(180deg)\\"></svg></button><button class=\\"nav-button__next\\" id=\\"12345-next\\"><svg class=\\"icon\\"></svg></button></div></div></div>
<!-- /wp:coblocks/gallery-carousel -->"
`;

exports[`coblocks/gallery-carousel should have thumbnails on swiper if thumbnails enabled 1`] = `
"<!-- wp:coblocks/gallery-carousel {\\"thumbnails\\":true} -->
<div aria-label=\\"Carousel Gallery\\" class=\\"wp-block-coblocks-gallery-carousel\\"><div class=\\"coblocks-gallery-carousel-swiper-container is-cropped coblocks-gallery has-no-alignment has-caption-style-dark has-horizontal-gutter\\"><div class=\\"has-carousel has-carousel-lrg swiper-container \\" data-swiper=\\"{&quot;alignCells&quot;:false,&quot;autoPlay&quot;:false,&quot;autoPlaySpeed&quot;:3000,&quot;draggable&quot;:true,&quot;freeMode&quot;:false,&quot;loop&quot;:false,&quot;navigation&quot;:true,&quot;pageDots&quot;:false,&quot;pauseHover&quot;:false,&quot;responsiveHeight&quot;:false,&quot;slidesPerView&quot;:2,&quot;thumbnails&quot;:true,&quot;uuid&quot;:&quot;12345&quot;}\\" style=\\"height:400px\\"><div class=\\"swiper-wrapper\\"><div class=\\"swiper-slide\\"><div class=\\"coblocks-gallery--item\\" role=\\"button\\" tabindex=\\"0\\"><figure class=\\"coblocks-gallery--figure has-margin-left-5 has-margin-left-mobile-5 has-margin-right-5 has-margin-right-mobile-5\\"><img class=\\"wp-image-1\\" data-id=\\"1\\" src=\\"https://wordpress.com/wp-content/uploads/1234/56/image-1.jpg\\"/></figure><figcaption class=\\"coblocks-gallery--caption coblocks-gallery--primary-caption\\"></figcaption></div></div><div class=\\"swiper-slide\\"><div class=\\"coblocks-gallery--item\\" role=\\"button\\" tabindex=\\"1\\"><figure class=\\"coblocks-gallery--figure has-margin-left-5 has-margin-left-mobile-5 has-margin-right-5 has-margin-right-mobile-5\\"><img class=\\"wp-image-2\\" data-id=\\"2\\" src=\\"https://wordpress.com/wp-content/uploads/1234/56/image-2.jpg\\"/></figure><figcaption class=\\"coblocks-gallery--caption coblocks-gallery--primary-caption\\"></figcaption></div></div></div><button class=\\"nav-button__prev\\" id=\\"12345-prev\\"><svg class=\\"icon\\" style=\\"transform:rotate(180deg)\\"></svg></button><button class=\\"nav-button__next\\" id=\\"12345-next\\"><svg class=\\"icon\\"></svg></button></div><div class=\\"wp-block-coblocks-gallery-carousel-thumbnail-pagination has-margin-top-5 has-margin-top-mobile-5\\"><button aria-label=\\"gallery thumbnail\\" class=\\"wp-block-coblocks-gallery-carousel-thumbnail wp-block-coblocks-gallery-carousel-thumbnail-0 has-margin-left-5 has-margin-left-mobile-5 has-margin-right-5 has-margin-right-mobile-5\\" style=\\"height:80px;width:100px\\" tabindex=\\"0\\"><img data-id=\\"1\\" src=\\"https://wordpress.com/wp-content/uploads/1234/56/image-1.jpg\\" style=\\"height:100%;width:100%\\"/></button><button aria-label=\\"gallery thumbnail\\" class=\\"wp-block-coblocks-gallery-carousel-thumbnail wp-block-coblocks-gallery-carousel-thumbnail-1 has-margin-left-5 has-margin-left-mobile-5 has-margin-right-5 has-margin-right-mobile-5\\" style=\\"height:80px;width:100px\\" tabindex=\\"0\\"><img data-id=\\"2\\" src=\\"https://wordpress.com/wp-content/uploads/1234/56/image-2.jpg\\" style=\\"height:100%;width:100%\\"/></button></div></div></div>
<!-- /wp:coblocks/gallery-carousel -->"
`;

exports[`coblocks/gallery-carousel should render with images 1`] = `
"<!-- wp:coblocks/gallery-carousel -->
<div aria-label=\\"Carousel Gallery\\" class=\\"wp-block-coblocks-gallery-carousel\\"><div class=\\"coblocks-gallery-carousel-swiper-container is-cropped coblocks-gallery has-no-alignment has-caption-style-dark has-horizontal-gutter has-no-thumbnails\\"><div class=\\"has-carousel has-carousel-lrg swiper-container\\" data-swiper=\\"{&quot;alignCells&quot;:false,&quot;autoPlay&quot;:false,&quot;autoPlaySpeed&quot;:3000,&quot;draggable&quot;:true,&quot;freeMode&quot;:false,&quot;loop&quot;:false,&quot;navigation&quot;:true,&quot;pageDots&quot;:false,&quot;pauseHover&quot;:false,&quot;responsiveHeight&quot;:false,&quot;slidesPerView&quot;:2,&quot;thumbnails&quot;:false,&quot;uuid&quot;:&quot;12345&quot;}\\" style=\\"height:400px\\"><div class=\\"swiper-wrapper\\"><div class=\\"swiper-slide\\"><div class=\\"coblocks-gallery--item\\" role=\\"button\\" tabindex=\\"0\\"><figure class=\\"coblocks-gallery--figure has-margin-left-5 has-margin-left-mobile-5 has-margin-right-5 has-margin-right-mobile-5\\"><img class=\\"wp-image-1\\" data-id=\\"1\\" src=\\"https://wordpress.com/wp-content/uploads/1234/56/image-1.jpg\\"/></figure><figcaption class=\\"coblocks-gallery--caption coblocks-gallery--primary-caption\\"></figcaption></div></div><div class=\\"swiper-slide\\"><div class=\\"coblocks-gallery--item\\" role=\\"button\\" tabindex=\\"1\\"><figure class=\\"coblocks-gallery--figure has-margin-left-5 has-margin-left-mobile-5 has-margin-right-5 has-margin-right-mobile-5\\"><img class=\\"wp-image-2\\" data-id=\\"2\\" src=\\"https://wordpress.com/wp-content/uploads/1234/56/image-2.jpg\\"/></figure><figcaption class=\\"coblocks-gallery--caption coblocks-gallery--primary-caption\\"></figcaption></div></div></div><button class=\\"nav-button__prev\\" id=\\"12345-prev\\"><svg class=\\"icon\\" style=\\"transform:rotate(180deg)\\"></svg></button><button class=\\"nav-button__next\\" id=\\"12345-next\\"><svg class=\\"icon\\"></svg></button></div></div></div>
<!-- /wp:coblocks/gallery-carousel -->"
`;
